Microchip MPLAB XC8 Compiler V2.40

Linker command line:

-W-3 \
  --edf=C:\Program Files\Microchip\xc8\v2.40\pic\dat\20220703182018_en.msgs \
  -cn -h+dist/default/production\ECE471_FinalV1.X.production.sym \
  --cmf=dist/default/production\ECE471_FinalV1.X.production.cmf -z \
  -Q18F4331 -oC:\Users\rafay\AppData\Local\Temp\xcAseng.4 \
  --defsym=__MPLAB_BUILD=1 --fixupoverflow=error \
  -Mdist/default/production/ECE471_FinalV1.X.production.map \
  --md=C:\Users\rafay\AppData\Local\Temp\xcAseng.dat -E1 -ver=XC8 Compiler \
  --acfsm=1493 -ACODE=00h-01FFFh -ACONST=00h-01FFFh \
  -ASMALLCONST=0300h-03FFhx29 -AMEDIUMCONST=0300h-01FFFh -ACOMRAM=01h-05Fh \
  -AABS1=00h-02FFh -ABIGRAM=01h-02FFh -ARAM=060h-0FFh,0100h-01FFhx2 \
  -ABANK0=060h-0FFh -ABANK1=0100h-01FFh -ABANK2=0200h-02FFh \
  -ASFR=0F60h-0FFFh -ABIGSFR=0F60h-0FFFh -ACONFIG=0300000h-030000Dh \
  -AIDLOC=0200000h-0200007h -AEEDATA=0F00000h-0F000FFh -peeprom_data=EEDATA \
  -preset_vec=00h,intcode=08h,intcodelo,powerup,init -pramtop=0300h \
  -psmallconst=SMALLCONST -pmediumconst=MEDIUMCONST -pconst=CONST \
  -AFARRAM=00h-00h \
  -prdata=COMRAM,nvrram=COMRAM,nvbit=COMRAM,rbss=COMRAM,rbit=COMRAM \
  -pfarbss=FARRAM,fardata=FARRAM,nvFARRAM=FARRAM \
  -pintsave_regs=BIGRAM,bigbss=BIGRAM,bigdata=BIGRAM -pbss=RAM \
  -pidata=CODE,irdata=CODE,ibigdata=CODE,ifardata=CODE -prparam=COMRAM \
  C:\Users\rafay\AppData\Local\Temp\xcAseng.o \
  dist/default/production\ECE471_FinalV1.X.production.o 

Object code version is 3.11

Machine type is 18F4331



                Name                               Link     Load   Length Selector   Space Scale
C:\Users\rafay\AppData\Local\Temp\xcAseng.o
                idloc                            200000   200000        8        0       5
                config                           300000   300000        E        0       4
                init                                 86       86        4        4       0
                reset_vec                             0        0        4        0       0
dist/default/production\ECE471_FinalV1.X.production.o
                intcode                               8        8       7E        4       0
                idloc                            200000   200000        8        0       5
                config                           300000   300000        E        0       4
                temp                                 1A       1A        1        1       1
                text13                               8A       8A       C2        4       0
                text11                              2F0      2F0        4        4       0
                text10                              28C      28C       1C        4       0
                text9                               2E6      2E6        6        4       0
                text8                               2A8      2A8       14        4       0
                text7                               2E0      2E0        6        4       0
                text6                               262      262       2A        4       0
                text5                               2D8      2D8        8        4       0
                text4                               1CA      1CA       60        4       0
                text3                               2CA      2CA        E        4       0
                text2                               2EC      2EC        4        4       0
                text1                               14C      14C       7E        4       0
                text0                               2BC      2BC        E        4       0
                cstackCOMRAM                          1        1       11        1       1
                bssBANK0                             60       60       50       60       1
                dataCOMRAM                           19       19        1        1       1
                bssCOMRAM                            12       12        6        1       1
                cinit                               22A      22A       38        4       0
                nvCOMRAM                             18       18        1        1       1
                idataCOMRAM                         2F4      2F4        1        4       0

TOTAL           Name                               Link     Load   Length     Space
        CLASS   CODE           
                intcode                               8        8       7E         0
                init                                 86       86        4         0
                reset_vec                             0        0        4         0
                text13                               8A       8A       C2         0
                text11                              2F0      2F0        4         0
                text10                              28C      28C       1C         0
                text9                               2E6      2E6        6         0
                text8                               2A8      2A8       14         0
                text7                               2E0      2E0        6         0
                text6                               262      262       2A         0
                text5                               2D8      2D8        8         0
                text4                               1CA      1CA       60         0
                text3                               2CA      2CA        E         0
                text2                               2EC      2EC        4         0
                text1                               14C      14C       7E         0
                text0                               2BC      2BC        E         0
                cinit                               22A      22A       38         0
                idataCOMRAM                         2F4      2F4        1         0

        CLASS   CONST          

        CLASS   SMALLCONST     

        CLASS   MEDIUMCONST    

        CLASS   COMRAM         
                temp                                 1A       1A        1         1
                cstackCOMRAM                          1        1       11         1
                dataCOMRAM                           19       19        1         1
                bssCOMRAM                            12       12        6         1
                nvCOMRAM                             18       18        1         1

        CLASS   ABS1           

        CLASS   BIGRAM         

        CLASS   RAM            

        CLASS   BANK0          
                bssBANK0                             60       60       50         1

        CLASS   BANK1          

        CLASS   BANK2          

        CLASS   SFR            

        CLASS   BIGSFR         

        CLASS   CONFIG         
                config                           300000   300000        E         4

        CLASS   IDLOC          
                idloc                            200000   200000        8         5

        CLASS   EEDATA         

        CLASS   FARRAM         

        CLASS   HEAP           

        CLASS   STACK          



SEGMENTS        Name                           Load    Length   Top    Selector   Space  Class

                reset_vec                      000000  000004  000004         0       0  CODE    
                cstackCOMRAM                   000001  00001A  00001B         1       1  COMRAM  
                intcode                        000008  0002ED  0002F5         4       0  CODE    
                bssBANK0                       000060  000050  0000B0        60       1  BANK0   


UNUSED ADDRESS RANGES

        Name                Unused          Largest block    Delta
        BANK0            0000B0-0000FF               50
        BANK1            000100-0001FF              100
        BANK2            000200-0002FF              100
        BIGRAM           00001B-00005F               45
                         0000B0-0002FF              250
        BIGSFR           000F60-000FFF               A0
        CODE             000004-000007                4
                         0002F5-001FFF             1D0B
        COMRAM           00001B-00005F               45
        CONST            000004-000007                4
                         0002F5-001FFF             1D0B
        EEDATA           F00000-F000FF              100
        MEDIUMCONST      000300-001FFF             1D00
        RAM              0000B0-0002FF              100
        SFR              000F60-000FFF               A0
        SMALLCONST       000300-001FFF              100

                                  Symbol Table

?_ADC_Read                      cstackCOMRAM 00000C
Callbacks_Manager@callbacks     cstackCOMRAM 000005
SMS_read_and_set_state@moisture cstackCOMRAM 00000E
_ADC                            bssCOMRAM    000016
_ADCHSbits                      (abs)        000F99
_ADCON0bits                     (abs)        000FC2
_ADCON1bits                     (abs)        000FC1
_ADCON2bits                     (abs)        000FC0
_ADC_Read                       text6        000262
_ADC_in_progress                text8        0002A8
_ADC_init                       text10       00028C
_ADC_start                      text7        0002E0
_ADC_stop                       text11       0002F0
_ADRESH                         (abs)        000FC4
_ADRESL                         (abs)        000FC3
_ANSEL0bits                     (abs)        000FB8
_Callbacks_Manager              text13       00008A
_FSM_begin                      text1        00014C
_FSM_state                      nvCOMRAM     000018
_INTCONbits                     (abs)        000FF2
_SMS_init                       text9        0002E6
_SMS_read_and_set_state         text4        0001CA
_T0CONbits                      (abs)        000FD5
_TMR0H                          (abs)        000FD7
_TMR0L                          (abs)        000FD6
_Timer0_init                    text3        0002CA
__HRAM                          (abs)        000000
__Habs1                         abs1         000000
__Hbank0                        bank0        000000
__Hbank1                        bank1        000000
__Hbank2                        bank2        000000
__Hbigbss                       bigbss       000000
__Hbigdata                      bigdata      000000
__Hbigram                       bigram       000000
__Hbigsfr                       bigsfr       000000
__Hbss                          bss          000000
__HbssBANK0                     bssBANK0     000000
__HbssCOMRAM                    bssCOMRAM    000000
__Hcinit                        cinit        000000
__Hclrtext                      clrtext      000000
__Hcomram                       comram       000000
__Hconfig                       config       30000E
__Hconst                        const        000000
__HcstackCOMRAM                 cstackCOMRAM 000000
__Hdata                         data         000000
__HdataCOMRAM                   dataCOMRAM   000000
__Heeprom_data                  eeprom_data  000000
__Hfarbss                       farbss       000000
__Hfardata                      fardata      000000
__Hheap                         heap         000000
__Hibigdata                     ibigdata     000000
__Hidata                        idata        000000
__HidataCOMRAM                  idataCOMRAM  000000
__Hidloc                        idloc        200008
__Hifardata                     ifardata     000000
__Hinit                         init         00008A
__Hintcode                      intcode      000086
__Hintcode_body                 intcode_body 000000
__Hintcodelo                    intcodelo    000086
__Hintentry                     intentry     000000
__Hintret                       intret       000000
__Hintsave_regs                 intsave_regs 000000
__Hirdata                       irdata       000000
__Hmediumconst                  mediumconst  000000
__HnvCOMRAM                     nvCOMRAM     000000
__HnvFARRAM                     nvFARRAM     000000
__Hnvbit                        nvbit        000000
__Hnvrram                       nvrram       000000
__Hparam                        rparam       000000
__Hpowerup                      powerup      000086
__Hram                          ram          000000
__Hramtop                       ramtop       000300
__Hrbit                         rbit         000000
__Hrbss                         rbss         000000
__Hrdata                        rdata        000000
__Hreset_vec                    reset_vec    000004
__Hrparam                       rparam       000000
__Hsfr                          sfr          000000
__Hsmallconst                   smallconst   000000
__Hspace_0                      (abs)        000300
__Hspace_1                      (abs)        0000B0
__Hspace_2                      (abs)        000000
__Hspace_4                      (abs)        60000E
__Hstack                        stack        000000
__Hstruct                       struct       000000
__Htemp                         temp         00001B
__Htext                         text         000000
__Htext0                        text0        000000
__Htext1                        text1        000000
__Htext10                       text10       000000
__Htext11                       text11       000000
__Htext13                       text13       000000
__Htext2                        text2        000000
__Htext3                        text3        000000
__Htext4                        text4        000000
__Htext5                        text5        000000
__Htext6                        text6        000000
__Htext7                        text7        000000
__Htext8                        text8        000000
__Htext9                        text9        000000
__LRAM                          (abs)        000001
__Labs1                         abs1         000000
__Lbank0                        bank0        000000
__Lbank1                        bank1        000000
__Lbank2                        bank2        000000
__Lbigbss                       bigbss       000000
__Lbigdata                      bigdata      000000
__Lbigram                       bigram       000000
__Lbigsfr                       bigsfr       000000
__Lbss                          bss          000000
__LbssBANK0                     bssBANK0     000000
__LbssCOMRAM                    bssCOMRAM    000000
__Lcinit                        cinit        000000
__Lclrtext                      clrtext      000000
__Lcomram                       comram       000000
__Lconfig                       config       000000
__Lconst                        const        000000
__LcstackCOMRAM                 cstackCOMRAM 000000
__Ldata                         data         000000
__LdataCOMRAM                   dataCOMRAM   000000
__Leeprom_data                  eeprom_data  000000
__Lfarbss                       farbss       000000
__Lfardata                      fardata      000000
__Lheap                         heap         000000
__Libigdata                     ibigdata     000000
__Lidata                        idata        000000
__LidataCOMRAM                  idataCOMRAM  000000
__Lidloc                        idloc        000000
__Lifardata                     ifardata     000000
__Linit                         init         000086
__Lintcode                      intcode      000008
__Lintcode_body                 intcode_body 000000
__Lintcodelo                    intcodelo    000086
__Lintentry                     intentry     000000
__Lintret                       intret       000000
__Lintsave_regs                 intsave_regs 000000
__Lirdata                       irdata       000000
__Lmediumconst                  mediumconst  000000
__LnvCOMRAM                     nvCOMRAM     000000
__LnvFARRAM                     nvFARRAM     000000
__Lnvbit                        nvbit        000000
__Lnvrram                       nvrram       000000
__Lparam                        rparam       000000
__Lpowerup                      powerup      000086
__Lram                          ram          000000
__Lramtop                       ramtop       000300
__Lrbit                         rbit         000000
__Lrbss                         rbss         000000
__Lrdata                        rdata        000000
__Lreset_vec                    reset_vec    000000
__Lrparam                       rparam       000000
__Lsfr                          sfr          000000
__Lsmallconst                   smallconst   000000
__Lspace_0                      (abs)        000000
__Lspace_1                      (abs)        000000
__Lspace_2                      (abs)        000000
__Lspace_4                      (abs)        000000
__Lstack                        stack        000000
__Lstruct                       struct       000000
__Ltemp                         temp         00001A
__Ltext                         text         000000
__Ltext0                        text0        000000
__Ltext1                        text1        000000
__Ltext10                       text10       000000
__Ltext11                       text11       000000
__Ltext13                       text13       000000
__Ltext2                        text2        000000
__Ltext3                        text3        000000
__Ltext4                        text4        000000
__Ltext5                        text5        000000
__Ltext6                        text6        000000
__Ltext7                        text7        000000
__Ltext8                        text8        000000
__Ltext9                        text9        000000
__S0                            (abs)        0002F5
__S1                            (abs)        0000B0
__S4                            (abs)        000000
__S5                            (abs)        000000
___heap_hi                      (abs)        000000
___heap_lo                      (abs)        000000
___inthi_sp                     stack        000000
___intlo_sp                     stack        000000
___param_bank                   (abs)        000000
___rparam_used                  (abs)        000001
___sp                           stack        000000
__accesstop                     (abs)        000060
__activetblptr                  (abs)        000002
__end_of_ADC_Read               text6        00028C
__end_of_ADC_in_progress        text8        0002BC
__end_of_ADC_init               text10       0002A8
__end_of_ADC_start              text7        0002E6
__end_of_ADC_stop               text11       0002F4
__end_of_Callbacks_Manager      text13       00014C
__end_of_FSM_begin              text1        0001CA
__end_of_SMS_init               text9        0002EC
__end_of_SMS_read_and_set_state text4        00022A
__end_of_Timer0_init            text3        0002D8
__end_of__initialization        cinit        000254
__end_of_get_current_state      text2        0002F0
__end_of_main                   text0        0002CA
__end_of_set_state              text5        0002E0
__end_of_timer_overflow_isr     intcode      000086
__initialization                cinit        00022A
__mediumconst                   mediumconst  000000
__pbssBANK0                     bssBANK0     000060
__pbssCOMRAM                    bssCOMRAM    000012
__pcinit                        cinit        00022A
__pcstackCOMRAM                 cstackCOMRAM 000001
__pdataCOMRAM                   dataCOMRAM   000019
__pidataCOMRAM                  idataCOMRAM  0002F4
__pintcode                      intcode      000008
__pnvCOMRAM                     nvCOMRAM     000018
__ptext0                        text0        0002BC
__ptext1                        text1        00014C
__ptext10                       text10       00028C
__ptext11                       text11       0002F0
__ptext13                       text13       00008A
__ptext2                        text2        0002EC
__ptext3                        text3        0002CA
__ptext4                        text4        0001CA
__ptext5                        text5        0002D8
__ptext6                        text6        000262
__ptext7                        text7        0002E0
__ptext8                        text8        0002A8
__ptext9                        text9        0002E6
__ramtop                        ramtop       000300
__smallconst                    smallconst   000000
_get_current_state              text2        0002EC
_main                           text0        0002BC
_number_of_callbacks            dataCOMRAM   000019
_registered_callbacks           bssBANK0     000060
_set_state                      text5        0002D8
_system_count                   bssCOMRAM    000012
_timer_overflow_isr             intcode      000008
_tmr0Counter                    bssCOMRAM    000014
btemp                           temp         00001A
end_of_initialization           cinit        000254
int$flags                       temp         00001A
intlevel0                       text         000000
intlevel1                       text         000000
intlevel2                       text         000000
intlevel3                       text         000000
isa$std                         (abs)        000001
isa$xinst                       (abs)        000000
set_state@state_to_set          cstackCOMRAM 00000C
stackhi                         (abs)        000000
stacklo                         (abs)        000000
start                           init         000086
start_initialization            cinit        00022A
ttemp5                          temp         00001B
ttemp6                          temp         00001E
ttemp7                          temp         000022
wtemp8                          temp         00001B


MODULE INFORMATION

Module		Function		Class		Link	Load	Size
SystemCallbacks.c
		_Callbacks_Manager		CODE           	008A	0000	194

SystemCallbacks.c estimated size: 194

System_FSM.c
		_FSM_begin     		CODE           	014C	0000	126

System_FSM.c estimated size: 126

shared
		__initialization		CODE           	022A	0000	42

shared estimated size: 42

FSM_states.c
		_set_state     		CODE           	02D8	0000	8
		_get_current_state		CODE           	02EC	0000	4

FSM_states.c estimated size: 12

PIC18F4331_Timer.c
		_Timer0_init   		CODE           	02CA	0000	14
		_timer_overflow_isr		CODE           	0008	0000	126

PIC18F4331_Timer.c estimated size: 140

PIC18F4331_ADC.c
		_ADC_in_progress		CODE           	02A8	0000	20
		_ADC_stop      		CODE           	02F0	0000	4
		_ADC_init      		CODE           	028C	0000	28
		_ADC_start     		CODE           	02E0	0000	6
		_ADC_Read      		CODE           	0262	0000	42

PIC18F4331_ADC.c estimated size: 100

SoilMoistureSensor.c
		_SMS_read_and_set_state		CODE           	01CA	0000	96
		_SMS_init      		CODE           	02E6	0000	6

SoilMoistureSensor.c estimated size: 102

main.c
		_main          		CODE           	02BC	0000	14

main.c estimated size: 14

