Microchip MPLAB XC8 Compiler V2.40

Linker command line:

-W-3 \
  --edf=C:\Program Files\Microchip\xc8\v2.40\pic\dat\20220703182018_en.msgs \
  -cn -h+dist/default/production\ECE471_FinalV1.X.production.sym \
  --cmf=dist/default/production\ECE471_FinalV1.X.production.cmf -z \
  -Q18F4331 -oC:\Users\rafay\AppData\Local\Temp\xcAsb3k.4 \
  --defsym=__MPLAB_BUILD=1 --fixupoverflow=error \
  -Mdist/default/production/ECE471_FinalV1.X.production.map \
  --md=C:\Users\rafay\AppData\Local\Temp\xcAsb3k.dat -E1 -ver=XC8 Compiler \
  --acfsm=1493 -ACODE=00h-01FFFh -ACONST=00h-01FFFh \
  -ASMALLCONST=0300h-03FFhx29 -AMEDIUMCONST=0300h-01FFFh -ACOMRAM=01h-05Fh \
  -AABS1=00h-02FFh -ABIGRAM=01h-02FFh -ARAM=060h-0FFh,0100h-01FFhx2 \
  -ABANK0=060h-0FFh -ABANK1=0100h-01FFh -ABANK2=0200h-02FFh \
  -ASFR=0F60h-0FFFh -ABIGSFR=0F60h-0FFFh -ACONFIG=0300000h-030000Dh \
  -AIDLOC=0200000h-0200007h -AEEDATA=0F00000h-0F000FFh -peeprom_data=EEDATA \
  -preset_vec=00h,intcode=08h,intcodelo,powerup,init -pramtop=0300h \
  -psmallconst=SMALLCONST -pmediumconst=MEDIUMCONST -pconst=CONST \
  -AFARRAM=00h-00h \
  -prdata=COMRAM,nvrram=COMRAM,nvbit=COMRAM,rbss=COMRAM,rbit=COMRAM \
  -pfarbss=FARRAM,fardata=FARRAM,nvFARRAM=FARRAM \
  -pintsave_regs=BIGRAM,bigbss=BIGRAM,bigdata=BIGRAM -pbss=RAM \
  -pidata=CODE,irdata=CODE,ibigdata=CODE,ifardata=CODE -prparam=COMRAM \
  C:\Users\rafay\AppData\Local\Temp\xcAsb3k.o \
  dist/default/production\ECE471_FinalV1.X.production.o 

Object code version is 3.11

Machine type is 18F4331



                Name                               Link     Load   Length Selector   Space Scale
C:\Users\rafay\AppData\Local\Temp\xcAsb3k.o
                idloc                            200000   200000        8        0       5
                config                           300000   300000        E        0       4
                init                                 92       92        4        4       0
                reset_vec                             0        0        4        0       0
dist/default/production\ECE471_FinalV1.X.production.o
                intcode                               8        8       8A        4       0
                idloc                            200000   200000        8        0       5
                config                           300000   300000        E        0       4
                temp                                 45       45        1        1       1
                smallconst                          300      300       5C      180       0
                text34                              AE0      AE0        4      1AE       0
                text33                              ABC      ABC        8      1AE       0
                text32                              9EE      9EE       1C      1AE       0
                text31                              9D2      9D2       1C      1AE       0
                text30                              52C      52C       C8      1AE       0
                text28                              858      858       4C      1AE       0
                text27                              7A6      7A6       5C      1AE       0
                text26                              A0A      A0A       18      1AE       0
                text25                              A88      A88        E      1AE       0
                text24                              66E      66E       78      1AE       0
                text23                              6E6      6E6       62      1AE       0
                text22                              8A4      8A4       48      1AE       0
                text21                              802      802       56      1AE       0
                text20                              A4E      A4E       16      1AE       0
                text19                              5F4      5F4       7A      1AE       0
                text18                              A64      A64       14      1AE       0
                text17                              ACA      ACA        6      1AE       0
                text16                              98C      98C       2A      1AE       0
                text15                              A38      A38       16      1AE       0
                text14                              AB4      AB4        8      1AE       0
                text13                              748      748       5E      1AE       0
                text12                              ADC      ADC        4      1AE       0
                text11                              9B6      9B6       1C      1AE       0
                text10                              AC4      AC4        6      1AE       0
                text9                               AD8      AD8        4      1AE       0
                text8                               AAA      AAA        A      1AE       0
                text7                               AD4      AD4        4      1AE       0
                text6                               AA0      AA0        A      1AE       0
                text5                               932      932       30      1AE       0
                text4                               A96      A96        A      1AE       0
                text3                               35C      35C      1D0      1AE       0
                text2                               A22      A22       16      1AE       0
                text1                               AD0      AD0        4      1AE       0
                text0                               962      962       2A      1AE       0
                cstackCOMRAM                          1        1       2C        1       1
                bssBANK0                             60       60       28       60       1
                dataCOMRAM                           2D       2D       10        1       1
                bssCOMRAM                            3D       3D        7        1       1
                cinit                               8EC      8EC       46      1AE       0
                nvCOMRAM                             44       44        1        1       1
                idataCOMRAM                         A78      A78       10      1AE       0

TOTAL           Name                               Link     Load   Length     Space
        CLASS   CODE           
                intcode                               8        8       8A         0
                init                                 92       92        4         0
                reset_vec                             0        0        4         0
                text34                              AE0      AE0        4         0
                text33                              ABC      ABC        8         0
                text32                              9EE      9EE       1C         0
                text31                              9D2      9D2       1C         0
                text30                              52C      52C       C8         0
                text28                              858      858       4C         0
                text27                              7A6      7A6       5C         0
                text26                              A0A      A0A       18         0
                text25                              A88      A88        E         0
                text24                              66E      66E       78         0
                text23                              6E6      6E6       62         0
                text22                              8A4      8A4       48         0
                text21                              802      802       56         0
                text20                              A4E      A4E       16         0
                text19                              5F4      5F4       7A         0
                text18                              A64      A64       14         0
                text17                              ACA      ACA        6         0
                text16                              98C      98C       2A         0
                text15                              A38      A38       16         0
                text14                              AB4      AB4        8         0
                text13                              748      748       5E         0
                text12                              ADC      ADC        4         0
                text11                              9B6      9B6       1C         0
                text10                              AC4      AC4        6         0
                text9                               AD8      AD8        4         0
                text8                               AAA      AAA        A         0
                text7                               AD4      AD4        4         0
                text6                               AA0      AA0        A         0
                text5                               932      932       30         0
                text4                               A96      A96        A         0
                text3                               35C      35C      1D0         0
                text2                               A22      A22       16         0
                text1                               AD0      AD0        4         0
                text0                               962      962       2A         0
                cinit                               8EC      8EC       46         0
                idataCOMRAM                         A78      A78       10         0

        CLASS   CONST          

        CLASS   SMALLCONST     
                smallconst                          300      300       5C         0

        CLASS   MEDIUMCONST    

        CLASS   COMRAM         
                temp                                 45       45        1         1
                cstackCOMRAM                          1        1       2C         1
                dataCOMRAM                           2D       2D       10         1
                bssCOMRAM                            3D       3D        7         1
                nvCOMRAM                             44       44        1         1

        CLASS   ABS1           

        CLASS   BIGRAM         

        CLASS   RAM            

        CLASS   BANK0          
                bssBANK0                             60       60       28         1

        CLASS   BANK1          

        CLASS   BANK2          

        CLASS   SFR            

        CLASS   BIGSFR         

        CLASS   CONFIG         
                config                           300000   300000        E         4

        CLASS   IDLOC          
                idloc                            200000   200000        8         5

        CLASS   EEDATA         

        CLASS   FARRAM         

        CLASS   HEAP           

        CLASS   STACK          



SEGMENTS        Name                           Load    Length   Top    Selector   Space  Class

                reset_vec                      000000  000004  000004         0       0  CODE    
                cstackCOMRAM                   000001  000045  000046         1       1  COMRAM  
                intcode                        000008  00008E  000096         4       0  CODE    
                bssBANK0                       000060  000028  000088        60       1  BANK0   
                smallconst                     000300  00005C  00035C       180       0  SMALLCON
                text3                          00035C  000788  000AE4       1AE       0  CODE    


UNUSED ADDRESS RANGES

        Name                Unused          Largest block    Delta
        BANK0            000088-0000FF               78
        BANK1            000100-0001FF              100
        BANK2            000200-0002FF              100
        BIGRAM           000046-00005F               1A
                         000088-0002FF              278
        BIGSFR           000F60-000FFF               A0
        CODE             000004-000007                4
                         000096-0002FF              26A
                         000AE4-001FFF             151C
        COMRAM           000046-00005F               1A
        CONST            000004-000007                4
                         000096-0002FF              26A
                         000AE4-001FFF             151C
        EEDATA           F00000-F000FF              100
        MEDIUMCONST      000AE4-001FFF             151C
        RAM              000088-0002FF              100
        SFR              000F60-000FFF               A0
        SMALLCONST       000AE4-001FFF              100

                                  Symbol Table

?_ADC_Read                            cstackCOMRAM 00000F
?_SMS_Read_Moisture_Value             cstackCOMRAM 000011
Callbacks_Init@callback               cstackCOMRAM 00000F
Callbacks_Manager@callbacks           cstackCOMRAM 000006
FSM_begin@F2877                       dataCOMRAM   000035
FSM_begin@F2880                       dataCOMRAM   00002D
FSM_begin@MoistureCB_Config           cstackCOMRAM 00001B
FSM_begin@WateringDoneCB_Config       cstackCOMRAM 000023
FSM_begin@moisture                    cstackCOMRAM 00002B
LCD_CMD@CMD                           cstackCOMRAM 000010
LCD_DATA@Data                         cstackCOMRAM 00000F
LCD_Set_Cursor@High4                  cstackCOMRAM 000014
LCD_Set_Cursor@Low4                   cstackCOMRAM 000013
LCD_Set_Cursor@Temp                   cstackCOMRAM 000015
LCD_Set_Cursor@c                      cstackCOMRAM 000011
LCD_Set_Cursor@r                      cstackCOMRAM 000012
LCD_Write_Char@Data                   cstackCOMRAM 000012
LCD_Write_Char@High4                  cstackCOMRAM 000011
LCD_Write_Char@Low4                   cstackCOMRAM 000010
LCD_Write_String@i                    cstackCOMRAM 000017
LCD_Write_String@str                  cstackCOMRAM 000013
Register_Callback@config              cstackCOMRAM 000011
Reset_Counter@config                  cstackCOMRAM 00000F
SMS_Read_Moisture_Value@moisture      cstackCOMRAM 000013
SMS_Set_State@moisture                cstackCOMRAM 000010
_ADC                                  bssCOMRAM    000041
_ADCHSbits                            (abs)        000F99
_ADCON0bits                           (abs)        000FC2
_ADCON1bits                           (abs)        000FC1
_ADCON2bits                           (abs)        000FC0
_ADC_Read                             text16       00098C
_ADC_in_progress                      text18       000A64
_ADC_init                             text11       0009B6
_ADC_start                            text17       000ACA
_ADC_stop                             text12       000ADC
_ADRESH                               (abs)        000FC4
_ADRESL                               (abs)        000FC3
_ANSEL0bits                           (abs)        000FB8
_Callbacks_Init                       text28       000858
_Callbacks_Manager                    text30       00052C
_Check_Moisture_cb                    text31       0009D2
_FSM_begin                            text3        00035C
_FSM_state                            nvCOMRAM     000044
_INTCON2bits                          (abs)        000FF1
_INTCONbits                           (abs)        000FF2
_LATC                                 (abs)        000F8B
_LATD                                 (abs)        000F8C
_LCD_CMD                              text26       000A0A
_LCD_Clear                            text25       000A88
_LCD_DATA                             text27       0007A6
_LCD_Init                             text24       00066E
_LCD_Set_Cursor                       text23       0006E6
_LCD_Write_Char                       text22       0008A4
_LCD_Write_String                     text21       000802
_OSCCONbits                           (abs)        000FD3
_PORTBbits                            (abs)        000F81
_RCONbits                             (abs)        000FD0
_Register_Callback                    text19       0005F4
_Reset_Counter                        text20       000A4E
_SMS_Read_Moisture_Value              text15       000A38
_SMS_Set_State                        text13       000748
_SMS_init                             text10       000AC4
_T0CONbits                            (abs)        000FD5
_TMR0H                                (abs)        000FD7
_TMR0L                                (abs)        000FD6
_TRISB                                (abs)        000F93
_TRISBbits                            (abs)        000F93
_TRISC                                (abs)        000F94
_TRISD                                (abs)        000F95
_Timer0_init                          text2        000A22
_Timer0_start                         text9        000AD8
_Timer0_stop                          text1        000AD0
_Watering_Done_cb                     text32       0009EE
__HRAM                                (abs)        000000
__Habs1                               abs1         000000
__Hbank0                              bank0        000000
__Hbank1                              bank1        000000
__Hbank2                              bank2        000000
__Hbigbss                             bigbss       000000
__Hbigdata                            bigdata      000000
__Hbigram                             bigram       000000
__Hbigsfr                             bigsfr       000000
__Hbss                                bss          000000
__HbssBANK0                           bssBANK0     000000
__HbssCOMRAM                          bssCOMRAM    000000
__Hcinit                              cinit        000000
__Hclrtext                            clrtext      000000
__Hcomram                             comram       000000
__Hconfig                             config       30000E
__Hconst                              const        000000
__HcstackCOMRAM                       cstackCOMRAM 000000
__Hdata                               data         000000
__HdataCOMRAM                         dataCOMRAM   000000
__Heeprom_data                        eeprom_data  000000
__Hfarbss                             farbss       000000
__Hfardata                            fardata      000000
__Hheap                               heap         000000
__Hibigdata                           ibigdata     000000
__Hidata                              idata        000000
__HidataCOMRAM                        idataCOMRAM  000000
__Hidloc                              idloc        200008
__Hifardata                           ifardata     000000
__Hinit                               init         000096
__Hintcode                            intcode      000092
__Hintcode_body                       intcode_body 000000
__Hintcodelo                          intcodelo    000092
__Hintentry                           intentry     000000
__Hintret                             intret       000000
__Hintsave_regs                       intsave_regs 000000
__Hirdata                             irdata       000000
__Hmediumconst                        mediumconst  000000
__HnvCOMRAM                           nvCOMRAM     000000
__HnvFARRAM                           nvFARRAM     000000
__Hnvbit                              nvbit        000000
__Hnvrram                             nvrram       000000
__Hparam                              rparam       000000
__Hpowerup                            powerup      000092
__Hram                                ram          000000
__Hramtop                             ramtop       000300
__Hrbit                               rbit         000000
__Hrbss                               rbss         000000
__Hrdata                              rdata        000000
__Hreset_vec                          reset_vec    000004
__Hrparam                             rparam       000000
__Hsfr                                sfr          000000
__Hsmallconst                         smallconst   00035C
__Hspace_0                            (abs)        000AE4
__Hspace_1                            (abs)        000088
__Hspace_2                            (abs)        000000
__Hspace_4                            (abs)        60000E
__Hstack                              stack        000000
__Hstruct                             struct       000000
__Htemp                               temp         000046
__Htext                               text         000000
__Htext0                              text0        000000
__Htext1                              text1        000000
__Htext10                             text10       000000
__Htext11                             text11       000000
__Htext12                             text12       000000
__Htext13                             text13       000000
__Htext14                             text14       000000
__Htext15                             text15       000000
__Htext16                             text16       000000
__Htext17                             text17       000000
__Htext18                             text18       000000
__Htext19                             text19       000000
__Htext2                              text2        000000
__Htext20                             text20       000000
__Htext21                             text21       000000
__Htext22                             text22       000000
__Htext23                             text23       000000
__Htext24                             text24       000000
__Htext25                             text25       000000
__Htext26                             text26       000000
__Htext27                             text27       000000
__Htext28                             text28       000000
__Htext3                              text3        000000
__Htext30                             text30       000000
__Htext31                             text31       000000
__Htext32                             text32       000000
__Htext33                             text33       000000
__Htext34                             text34       000000
__Htext35                             text35       000000
__Htext4                              text4        000000
__Htext5                              text5        000000
__Htext6                              text6        000000
__Htext7                              text7        000000
__Htext8                              text8        000000
__Htext9                              text9        000000
__LRAM                                (abs)        000001
__Labs1                               abs1         000000
__Lbank0                              bank0        000000
__Lbank1                              bank1        000000
__Lbank2                              bank2        000000
__Lbigbss                             bigbss       000000
__Lbigdata                            bigdata      000000
__Lbigram                             bigram       000000
__Lbigsfr                             bigsfr       000000
__Lbss                                bss          000000
__LbssBANK0                           bssBANK0     000000
__LbssCOMRAM                          bssCOMRAM    000000
__Lcinit                              cinit        000000
__Lclrtext                            clrtext      000000
__Lcomram                             comram       000000
__Lconfig                             config       000000
__Lconst                              const        000000
__LcstackCOMRAM                       cstackCOMRAM 000000
__Ldata                               data         000000
__LdataCOMRAM                         dataCOMRAM   000000
__Leeprom_data                        eeprom_data  000000
__Lfarbss                             farbss       000000
__Lfardata                            fardata      000000
__Lheap                               heap         000000
__Libigdata                           ibigdata     000000
__Lidata                              idata        000000
__LidataCOMRAM                        idataCOMRAM  000000
__Lidloc                              idloc        000000
__Lifardata                           ifardata     000000
__Linit                               init         000092
__Lintcode                            intcode      000008
__Lintcode_body                       intcode_body 000000
__Lintcodelo                          intcodelo    000092
__Lintentry                           intentry     000000
__Lintret                             intret       000000
__Lintsave_regs                       intsave_regs 000000
__Lirdata                             irdata       000000
__Lmediumconst                        mediumconst  000000
__LnvCOMRAM                           nvCOMRAM     000000
__LnvFARRAM                           nvFARRAM     000000
__Lnvbit                              nvbit        000000
__Lnvrram                             nvrram       000000
__Lparam                              rparam       000000
__Lpowerup                            powerup      000092
__Lram                                ram          000000
__Lramtop                             ramtop       000300
__Lrbit                               rbit         000000
__Lrbss                               rbss         000000
__Lrdata                              rdata        000000
__Lreset_vec                          reset_vec    000000
__Lrparam                             rparam       000000
__Lsfr                                sfr          000000
__Lsmallconst                         smallconst   000300
__Lspace_0                            (abs)        000000
__Lspace_1                            (abs)        000000
__Lspace_2                            (abs)        000000
__Lspace_4                            (abs)        000000
__Lstack                              stack        000000
__Lstruct                             struct       000000
__Ltemp                               temp         000045
__Ltext                               text         000000
__Ltext0                              text0        000000
__Ltext1                              text1        000000
__Ltext10                             text10       000000
__Ltext11                             text11       000000
__Ltext12                             text12       000000
__Ltext13                             text13       000000
__Ltext14                             text14       000000
__Ltext15                             text15       000000
__Ltext16                             text16       000000
__Ltext17                             text17       000000
__Ltext18                             text18       000000
__Ltext19                             text19       000000
__Ltext2                              text2        000000
__Ltext20                             text20       000000
__Ltext21                             text21       000000
__Ltext22                             text22       000000
__Ltext23                             text23       000000
__Ltext24                             text24       000000
__Ltext25                             text25       000000
__Ltext26                             text26       000000
__Ltext27                             text27       000000
__Ltext28                             text28       000000
__Ltext3                              text3        000000
__Ltext30                             text30       000000
__Ltext31                             text31       000000
__Ltext32                             text32       000000
__Ltext33                             text33       000000
__Ltext34                             text34       000000
__Ltext35                             text35       000000
__Ltext4                              text4        000000
__Ltext5                              text5        000000
__Ltext6                              text6        000000
__Ltext7                              text7        000000
__Ltext8                              text8        000000
__Ltext9                              text9        000000
__S0                                  (abs)        000AE4
__S1                                  (abs)        000088
__S4                                  (abs)        000000
__S5                                  (abs)        000000
___heap_hi                            (abs)        000000
___heap_lo                            (abs)        000000
___inthi_sp                           stack        000000
___intlo_sp                           stack        000000
___param_bank                         (abs)        000000
___rparam_used                        (abs)        000001
___sp                                 stack        000000
__accesstop                           (abs)        000060
__activetblptr                        (abs)        000002
__end_of_ADC_Read                     text16       0009B6
__end_of_ADC_in_progress              text18       000A78
__end_of_ADC_init                     text11       0009D2
__end_of_ADC_start                    text17       000AD0
__end_of_ADC_stop                     text12       000AE0
__end_of_Callbacks_Init               text28       0008A4
__end_of_Callbacks_Manager            text30       0005F4
__end_of_Check_Moisture_cb            text31       0009EE
__end_of_FSM_begin                    text3        00052C
__end_of_LCD_CMD                      text26       000A22
__end_of_LCD_Clear                    text25       000A96
__end_of_LCD_DATA                     text27       000802
__end_of_LCD_Init                     text24       0006E6
__end_of_LCD_Set_Cursor               text23       000748
__end_of_LCD_Write_Char               text22       0008EC
__end_of_LCD_Write_String             text21       000858
__end_of_Register_Callback            text19       00066E
__end_of_Reset_Counter                text20       000A64
__end_of_SMS_Read_Moisture_Value      text15       000A4E
__end_of_SMS_Set_State                text13       0007A6
__end_of_SMS_init                     text10       000ACA
__end_of_Timer0_init                  text2        000A38
__end_of_Timer0_start                 text9        000ADC
__end_of_Timer0_stop                  text1        000AD4
__end_of_Watering_Done_cb             text32       000A0A
__end_of__initialization              cinit        000924
__end_of_checking_moisture_status_led text8        000AB4
__end_of_get_current_state            text7        000AD8
__end_of_idle_status_led              text6        000AAA
__end_of_init_leds                    text5        000962
__end_of_main                         text0        00098C
__end_of_set_state                    text14       000ABC
__end_of_timer_overflow_isr           intcode      000092
__end_of_watering_status_led          text4        000AA0
__end_ofi2_get_current_state          text34       000AE4
__end_ofi2_set_state                  text33       000AC4
__initialization                      cinit        0008EC
__mediumconst                         mediumconst  000000
__pbssBANK0                           bssBANK0     000060
__pbssCOMRAM                          bssCOMRAM    00003D
__pcinit                              cinit        0008EC
__pcstackCOMRAM                       cstackCOMRAM 000001
__pdataCOMRAM                         dataCOMRAM   00002D
__pidataCOMRAM                        idataCOMRAM  000A78
__pintcode                            intcode      000008
__pnvCOMRAM                           nvCOMRAM     000044
__psmallconst                         smallconst   000300
__ptext0                              text0        000962
__ptext1                              text1        000AD0
__ptext10                             text10       000AC4
__ptext11                             text11       0009B6
__ptext12                             text12       000ADC
__ptext13                             text13       000748
__ptext14                             text14       000AB4
__ptext15                             text15       000A38
__ptext16                             text16       00098C
__ptext17                             text17       000ACA
__ptext18                             text18       000A64
__ptext19                             text19       0005F4
__ptext2                              text2        000A22
__ptext20                             text20       000A4E
__ptext21                             text21       000802
__ptext22                             text22       0008A4
__ptext23                             text23       0006E6
__ptext24                             text24       00066E
__ptext25                             text25       000A88
__ptext26                             text26       000A0A
__ptext27                             text27       0007A6
__ptext28                             text28       000858
__ptext3                              text3        00035C
__ptext30                             text30       00052C
__ptext31                             text31       0009D2
__ptext32                             text32       0009EE
__ptext33                             text33       000ABC
__ptext34                             text34       000AE0
__ptext35                             text35       000000
__ptext4                              text4        000A96
__ptext5                              text5        000932
__ptext6                              text6        000AA0
__ptext7                              text7        000AD4
__ptext8                              text8        000AAA
__ptext9                              text9        000AD8
__ramtop                              ramtop       000300
__smallconst                          smallconst   000300
_callback_count                       bssCOMRAM    000043
_checking_moisture_status_led         text8        000AAA
_get_current_state                    text7        000AD4
_idle_status_led                      text6        000AA0
_init_leds                            text5        000932
_main                                 text0        000962
_registered_callbacks                 bssBANK0     000060
_set_state                            text14       000AB4
_timer_overflow_isr                   intcode      000008
_tmr0Counter                          bssCOMRAM    00003F
_tmr0Counter@SystemInterrupts$F810    bssCOMRAM    00003D
_watering_status_led                  text4        000A96
btemp                                 temp         000045
end_of_initialization                 cinit        000924
i2_get_current_state                  text34       000AE0
i2_set_state                          text33       000ABC
i2set_state@state_to_set              cstackCOMRAM 000001
int$flags                             temp         000045
intlevel0                             text         000000
intlevel1                             text         000000
intlevel2                             text         000000
intlevel3                             text         000000
isa$std                               (abs)        000001
isa$xinst                             (abs)        000000
set_state@state_to_set                cstackCOMRAM 00000F
stackhi                               (abs)        000000
stacklo                               (abs)        000000
start                                 init         000092
start_initialization                  cinit        0008EC
ttemp5                                temp         000046
ttemp6                                temp         000049
ttemp7                                temp         00004D
wtemp8                                temp         000046


MODULE INFORMATION

Module		Function		Class		Link	Load	Size
SystemCallbacks.c
		_Callbacks_Init		CODE           	0858	0000	76
		_Callbacks_Manager		CODE           	052C	0000	200
		_Reset_Counter 		CODE           	0A4E	0000	22
		_Register_Callback		CODE           	05F4	0000	122

SystemCallbacks.c estimated size: 420

System_FSM.c
		_Check_Moisture_cb		CODE           	09D2	0000	28
		_Watering_Done_cb		CODE           	09EE	0000	28
		_FSM_begin     		CODE           	035C	0000	464

System_FSM.c estimated size: 520

SystemInterrupts.c
		_timer_overflow_isr		CODE           	0008	0000	138

SystemInterrupts.c estimated size: 138

LedDriver.c
		_init_leds     		CODE           	0932	0000	48
		_watering_status_led		CODE           	0A96	0000	10
		_checking_moisture_status_led		CODE           	0AAA	0000	10
		_idle_status_led		CODE           	0AA0	0000	10

LedDriver.c estimated size: 78

shared
		i2_set_state   		CODE           	0ABC	0000	8
		__initialization		CODE           	08EC	0000	56
		i2_get_current_state		CODE           	0AE0	0000	4

shared estimated size: 68

FSM_states.c
		_set_state     		CODE           	0AB4	0000	8
		_get_current_state		CODE           	0AD4	0000	4

FSM_states.c estimated size: 12

PIC18F4331_Timer.c
		_Timer0_init   		CODE           	0A22	0000	22
		_Timer0_stop   		CODE           	0AD0	0000	4
		_Timer0_start  		CODE           	0AD8	0000	4

PIC18F4331_Timer.c estimated size: 30

PIC18F4331_ADC.c
		_ADC_in_progress		CODE           	0A64	0000	20
		_ADC_stop      		CODE           	0ADC	0000	4
		_ADC_init      		CODE           	09B6	0000	28
		_ADC_start     		CODE           	0ACA	0000	6
		_ADC_Read      		CODE           	098C	0000	42

PIC18F4331_ADC.c estimated size: 100

SoilMoistureSensor.c
		_SMS_Set_State 		CODE           	0748	0000	94
		_SMS_init      		CODE           	0AC4	0000	6
		_SMS_Read_Moisture_Value		CODE           	0A38	0000	22

SoilMoistureSensor.c estimated size: 122

main.c
		_main          		CODE           	0962	0000	42

main.c estimated size: 42

LCD.c
		_LCD_Init      		CODE           	066E	0000	120
		_LCD_Write_Char		CODE           	08A4	0000	72
		_LCD_CMD       		CODE           	0A0A	0000	24
		_LCD_DATA      		CODE           	07A6	0000	92
		_LCD_Set_Cursor		CODE           	06E6	0000	98
		_LCD_Clear     		CODE           	0A88	0000	14
		_LCD_Write_String		CODE           	0802	0000	86

LCD.c estimated size: 506

