Microchip MPLAB XC8 Compiler V2.40

Linker command line:

-W-3 \
  --edf=C:\Program Files\Microchip\xc8\v2.40\pic\dat\20220703182018_en.msgs \
  -cn -h+dist/default/production\ECE471_FinalV1.X.production.sym \
  --cmf=dist/default/production\ECE471_FinalV1.X.production.cmf -z \
  -Q18F4331 -oC:\Users\rafay\AppData\Local\Temp\xcAsheo.4 \
  --defsym=__MPLAB_BUILD=1 --fixupoverflow=error \
  -Mdist/default/production/ECE471_FinalV1.X.production.map \
  --md=C:\Users\rafay\AppData\Local\Temp\xcAsheo.dat -E1 -ver=XC8 Compiler \
  --acfsm=1493 -ACODE=00h-01FFFh -ACONST=00h-01FFFh \
  -ASMALLCONST=0300h-03FFhx29 -AMEDIUMCONST=0300h-01FFFh -ACOMRAM=01h-05Fh \
  -AABS1=00h-02FFh -ABIGRAM=01h-02FFh -ARAM=060h-0FFh,0100h-01FFhx2 \
  -ABANK0=060h-0FFh -ABANK1=0100h-01FFh -ABANK2=0200h-02FFh \
  -ASFR=0F60h-0FFFh -ABIGSFR=0F60h-0FFFh -ACONFIG=0300000h-030000Dh \
  -AIDLOC=0200000h-0200007h -AEEDATA=0F00000h-0F000FFh -peeprom_data=EEDATA \
  -preset_vec=00h,intcode=08h,intcodelo,powerup,init -pramtop=0300h \
  -psmallconst=SMALLCONST -pmediumconst=MEDIUMCONST -pconst=CONST \
  -AFARRAM=00h-00h \
  -prdata=COMRAM,nvrram=COMRAM,nvbit=COMRAM,rbss=COMRAM,rbit=COMRAM \
  -pfarbss=FARRAM,fardata=FARRAM,nvFARRAM=FARRAM \
  -pintsave_regs=BIGRAM,bigbss=BIGRAM,bigdata=BIGRAM -pbss=RAM \
  -pidata=CODE,irdata=CODE,ibigdata=CODE,ifardata=CODE -prparam=COMRAM \
  C:\Users\rafay\AppData\Local\Temp\xcAsheo.o \
  dist/default/production\ECE471_FinalV1.X.production.o 

Object code version is 3.11

Machine type is 18F4331



                Name                               Link     Load   Length Selector   Space Scale
C:\Users\rafay\AppData\Local\Temp\xcAsheo.o
                idloc                            200000   200000        8        0       5
                config                           300000   300000        E        0       4
                init                                 96       96        4        4       0
                reset_vec                             0        0        4        0       0
dist/default/production\ECE471_FinalV1.X.production.o
                intcode                               8        8       8E        4       0
                idloc                            200000   200000        8        0       5
                config                           300000   300000        E        0       4
                temp                                 3D       3D        1        1       1
                text19                              47A      47A        4        4       0
                text18                              466      466        8        4       0
                text17                              3F0      3F0       1C        4       0
                text16                              3D4      3D4       1C        4       0
                text15                              1A8      1A8       C8        4       0
                text13                              2EA      2EA       4C        4       0
                text12                              40C      40C       16        4       0
                text11                              270      270       7A        4       0
                text10                              476      476        4        4       0
                text9                               454      454        A        4       0
                text8                               472      472        4        4       0
                text7                               44A      44A        A        4       0
                text6                               37A      37A       30        4       0
                text5                               45E      45E        8        4       0
                text4                               440      440        A        4       0
                text3                                9A       9A      10E        4       0
                text2                               432      432        E        4       0
                text1                               46E      46E        4        4       0
                text0                               3AA      3AA       2A        4       0
                cstackCOMRAM                          1        1       26        1       1
                bssBANK0                             60       60       28       60       1
                dataCOMRAM                           27       27       10        1       1
                bssCOMRAM                            37       37        5        1       1
                cinit                               336      336       44        4       0
                nvCOMRAM                             3C       3C        1        1       1
                idataCOMRAM                         422      422       10        4       0

TOTAL           Name                               Link     Load   Length     Space
        CLASS   CODE           
                intcode                               8        8       8E         0
                init                                 96       96        4         0
                reset_vec                             0        0        4         0
                text19                              47A      47A        4         0
                text18                              466      466        8         0
                text17                              3F0      3F0       1C         0
                text16                              3D4      3D4       1C         0
                text15                              1A8      1A8       C8         0
                text13                              2EA      2EA       4C         0
                text12                              40C      40C       16         0
                text11                              270      270       7A         0
                text10                              476      476        4         0
                text9                               454      454        A         0
                text8                               472      472        4         0
                text7                               44A      44A        A         0
                text6                               37A      37A       30         0
                text5                               45E      45E        8         0
                text4                               440      440        A         0
                text3                                9A       9A      10E         0
                text2                               432      432        E         0
                text1                               46E      46E        4         0
                text0                               3AA      3AA       2A         0
                cinit                               336      336       44         0
                idataCOMRAM                         422      422       10         0

        CLASS   CONST          

        CLASS   SMALLCONST     

        CLASS   MEDIUMCONST    

        CLASS   COMRAM         
                temp                                 3D       3D        1         1
                cstackCOMRAM                          1        1       26         1
                dataCOMRAM                           27       27       10         1
                bssCOMRAM                            37       37        5         1
                nvCOMRAM                             3C       3C        1         1

        CLASS   ABS1           

        CLASS   BIGRAM         

        CLASS   RAM            

        CLASS   BANK0          
                bssBANK0                             60       60       28         1

        CLASS   BANK1          

        CLASS   BANK2          

        CLASS   SFR            

        CLASS   BIGSFR         

        CLASS   CONFIG         
                config                           300000   300000        E         4

        CLASS   IDLOC          
                idloc                            200000   200000        8         5

        CLASS   EEDATA         

        CLASS   FARRAM         

        CLASS   HEAP           

        CLASS   STACK          



SEGMENTS        Name                           Load    Length   Top    Selector   Space  Class

                reset_vec                      000000  000004  000004         0       0  CODE    
                cstackCOMRAM                   000001  00003D  00003E         1       1  COMRAM  
                intcode                        000008  000476  00047E         4       0  CODE    
                bssBANK0                       000060  000028  000088        60       1  BANK0   


UNUSED ADDRESS RANGES

        Name                Unused          Largest block    Delta
        BANK0            000088-0000FF               78
        BANK1            000100-0001FF              100
        BANK2            000200-0002FF              100
        BIGRAM           00003E-00005F               22
                         000088-0002FF              278
        BIGSFR           000F60-000FFF               A0
        CODE             000004-000007                4
                         00047E-001FFF             1B82
        COMRAM           00003E-00005F               22
        CONST            000004-000007                4
                         00047E-001FFF             1B82
        EEDATA           F00000-F000FF              100
        MEDIUMCONST      00047E-001FFF             1B82
        RAM              000088-0002FF              100
        SFR              000F60-000FFF               A0
        SMALLCONST       00047E-001FFF              100

                                  Symbol Table

Callbacks_Init@callback               cstackCOMRAM 00000F
Callbacks_Manager@callbacks           cstackCOMRAM 000006
FSM_begin@F2860                       dataCOMRAM   00002F
FSM_begin@F2863                       dataCOMRAM   000027
FSM_begin@MoistureCB_Config           cstackCOMRAM 000017
FSM_begin@WateringDoneCB_Config       cstackCOMRAM 00001F
Register_Callback@config              cstackCOMRAM 000011
Reset_Counter@config                  cstackCOMRAM 00000F
_ADC                                  bssCOMRAM    000039
_ADCHSbits                            (abs)        000F99
_ADCON0bits                           (abs)        000FC2
_ADCON1bits                           (abs)        000FC1
_ADCON2bits                           (abs)        000FC0
_ADRESH                               (abs)        000FC4
_ADRESL                               (abs)        000FC3
_ANSEL0bits                           (abs)        000FB8
_Callbacks_Init                       text13       0002EA
_Callbacks_Manager                    text15       0001A8
_Check_Moisture_cb                    text16       0003D4
_FSM_begin                            text3        00009A
_FSM_state                            nvCOMRAM     00003C
_INTCON2bits                          (abs)        000FF1
_INTCONbits                           (abs)        000FF2
_LATC                                 (abs)        000F8B
_LATD                                 (abs)        000F8C
_OSCCONbits                           (abs)        000FD3
_RCONbits                             (abs)        000FD0
_Register_Callback                    text11       000270
_Reset_Counter                        text12       00040C
_T0CONbits                            (abs)        000FD5
_TMR0H                                (abs)        000FD7
_TMR0L                                (abs)        000FD6
_TRISC                                (abs)        000F94
_TRISD                                (abs)        000F95
_Timer0_init                          text2        000432
_Timer0_start                         text10       000476
_Timer0_stop                          text1        00046E
_Watering_Done_cb                     text17       0003F0
__HRAM                                (abs)        000000
__Habs1                               abs1         000000
__Hbank0                              bank0        000000
__Hbank1                              bank1        000000
__Hbank2                              bank2        000000
__Hbigbss                             bigbss       000000
__Hbigdata                            bigdata      000000
__Hbigram                             bigram       000000
__Hbigsfr                             bigsfr       000000
__Hbss                                bss          000000
__HbssBANK0                           bssBANK0     000000
__HbssCOMRAM                          bssCOMRAM    000000
__Hcinit                              cinit        000000
__Hclrtext                            clrtext      000000
__Hcomram                             comram       000000
__Hconfig                             config       30000E
__Hconst                              const        000000
__HcstackCOMRAM                       cstackCOMRAM 000000
__Hdata                               data         000000
__HdataCOMRAM                         dataCOMRAM   000000
__Heeprom_data                        eeprom_data  000000
__Hfarbss                             farbss       000000
__Hfardata                            fardata      000000
__Hheap                               heap         000000
__Hibigdata                           ibigdata     000000
__Hidata                              idata        000000
__HidataCOMRAM                        idataCOMRAM  000000
__Hidloc                              idloc        200008
__Hifardata                           ifardata     000000
__Hinit                               init         00009A
__Hintcode                            intcode      000096
__Hintcode_body                       intcode_body 000000
__Hintcodelo                          intcodelo    000096
__Hintentry                           intentry     000000
__Hintret                             intret       000000
__Hintsave_regs                       intsave_regs 000000
__Hirdata                             irdata       000000
__Hmediumconst                        mediumconst  000000
__HnvCOMRAM                           nvCOMRAM     000000
__HnvFARRAM                           nvFARRAM     000000
__Hnvbit                              nvbit        000000
__Hnvrram                             nvrram       000000
__Hparam                              rparam       000000
__Hpowerup                            powerup      000096
__Hram                                ram          000000
__Hramtop                             ramtop       000300
__Hrbit                               rbit         000000
__Hrbss                               rbss         000000
__Hrdata                              rdata        000000
__Hreset_vec                          reset_vec    000004
__Hrparam                             rparam       000000
__Hsfr                                sfr          000000
__Hsmallconst                         smallconst   000000
__Hspace_0                            (abs)        00047E
__Hspace_1                            (abs)        000088
__Hspace_2                            (abs)        000000
__Hspace_4                            (abs)        60000E
__Hstack                              stack        000000
__Hstruct                             struct       000000
__Htemp                               temp         00003E
__Htext                               text         000000
__Htext0                              text0        000000
__Htext1                              text1        000000
__Htext10                             text10       000000
__Htext11                             text11       000000
__Htext12                             text12       000000
__Htext13                             text13       000000
__Htext15                             text15       000000
__Htext16                             text16       000000
__Htext17                             text17       000000
__Htext18                             text18       000000
__Htext19                             text19       000000
__Htext2                              text2        000000
__Htext20                             text20       000000
__Htext3                              text3        000000
__Htext4                              text4        000000
__Htext5                              text5        000000
__Htext6                              text6        000000
__Htext7                              text7        000000
__Htext8                              text8        000000
__Htext9                              text9        000000
__LRAM                                (abs)        000001
__Labs1                               abs1         000000
__Lbank0                              bank0        000000
__Lbank1                              bank1        000000
__Lbank2                              bank2        000000
__Lbigbss                             bigbss       000000
__Lbigdata                            bigdata      000000
__Lbigram                             bigram       000000
__Lbigsfr                             bigsfr       000000
__Lbss                                bss          000000
__LbssBANK0                           bssBANK0     000000
__LbssCOMRAM                          bssCOMRAM    000000
__Lcinit                              cinit        000000
__Lclrtext                            clrtext      000000
__Lcomram                             comram       000000
__Lconfig                             config       000000
__Lconst                              const        000000
__LcstackCOMRAM                       cstackCOMRAM 000000
__Ldata                               data         000000
__LdataCOMRAM                         dataCOMRAM   000000
__Leeprom_data                        eeprom_data  000000
__Lfarbss                             farbss       000000
__Lfardata                            fardata      000000
__Lheap                               heap         000000
__Libigdata                           ibigdata     000000
__Lidata                              idata        000000
__LidataCOMRAM                        idataCOMRAM  000000
__Lidloc                              idloc        000000
__Lifardata                           ifardata     000000
__Linit                               init         000096
__Lintcode                            intcode      000008
__Lintcode_body                       intcode_body 000000
__Lintcodelo                          intcodelo    000096
__Lintentry                           intentry     000000
__Lintret                             intret       000000
__Lintsave_regs                       intsave_regs 000000
__Lirdata                             irdata       000000
__Lmediumconst                        mediumconst  000000
__LnvCOMRAM                           nvCOMRAM     000000
__LnvFARRAM                           nvFARRAM     000000
__Lnvbit                              nvbit        000000
__Lnvrram                             nvrram       000000
__Lparam                              rparam       000000
__Lpowerup                            powerup      000096
__Lram                                ram          000000
__Lramtop                             ramtop       000300
__Lrbit                               rbit         000000
__Lrbss                               rbss         000000
__Lrdata                              rdata        000000
__Lreset_vec                          reset_vec    000000
__Lrparam                             rparam       000000
__Lsfr                                sfr          000000
__Lsmallconst                         smallconst   000000
__Lspace_0                            (abs)        000000
__Lspace_1                            (abs)        000000
__Lspace_2                            (abs)        000000
__Lspace_4                            (abs)        000000
__Lstack                              stack        000000
__Lstruct                             struct       000000
__Ltemp                               temp         00003D
__Ltext                               text         000000
__Ltext0                              text0        000000
__Ltext1                              text1        000000
__Ltext10                             text10       000000
__Ltext11                             text11       000000
__Ltext12                             text12       000000
__Ltext13                             text13       000000
__Ltext15                             text15       000000
__Ltext16                             text16       000000
__Ltext17                             text17       000000
__Ltext18                             text18       000000
__Ltext19                             text19       000000
__Ltext2                              text2        000000
__Ltext20                             text20       000000
__Ltext3                              text3        000000
__Ltext4                              text4        000000
__Ltext5                              text5        000000
__Ltext6                              text6        000000
__Ltext7                              text7        000000
__Ltext8                              text8        000000
__Ltext9                              text9        000000
__S0                                  (abs)        00047E
__S1                                  (abs)        000088
__S4                                  (abs)        000000
__S5                                  (abs)        000000
___heap_hi                            (abs)        000000
___heap_lo                            (abs)        000000
___inthi_sp                           stack        000000
___intlo_sp                           stack        000000
___param_bank                         (abs)        000000
___rparam_used                        (abs)        000001
___sp                                 stack        000000
__accesstop                           (abs)        000060
__activetblptr                        (abs)        000002
__end_of_Callbacks_Init               text13       000336
__end_of_Callbacks_Manager            text15       000270
__end_of_Check_Moisture_cb            text16       0003F0
__end_of_FSM_begin                    text3        0001A8
__end_of_Register_Callback            text11       0002EA
__end_of_Reset_Counter                text12       000422
__end_of_Timer0_init                  text2        000440
__end_of_Timer0_start                 text10       00047A
__end_of_Timer0_stop                  text1        000472
__end_of_Watering_Done_cb             text17       00040C
__end_of__initialization              cinit        00036C
__end_of_checking_moisture_status_led text9        00045E
__end_of_get_current_state            text8        000476
__end_of_idle_status_led              text7        000454
__end_of_init_leds                    text6        0003AA
__end_of_main                         text0        0003D4
__end_of_set_state                    text5        000466
__end_of_timer_overflow_isr           intcode      000096
__end_of_watering_status_led          text4        00044A
__end_ofi2_get_current_state          text19       00047E
__end_ofi2_set_state                  text18       00046E
__initialization                      cinit        000336
__mediumconst                         mediumconst  000000
__pbssBANK0                           bssBANK0     000060
__pbssCOMRAM                          bssCOMRAM    000037
__pcinit                              cinit        000336
__pcstackCOMRAM                       cstackCOMRAM 000001
__pdataCOMRAM                         dataCOMRAM   000027
__pidataCOMRAM                        idataCOMRAM  000422
__pintcode                            intcode      000008
__pnvCOMRAM                           nvCOMRAM     00003C
__ptext0                              text0        0003AA
__ptext1                              text1        00046E
__ptext10                             text10       000476
__ptext11                             text11       000270
__ptext12                             text12       00040C
__ptext13                             text13       0002EA
__ptext15                             text15       0001A8
__ptext16                             text16       0003D4
__ptext17                             text17       0003F0
__ptext18                             text18       000466
__ptext19                             text19       00047A
__ptext2                              text2        000432
__ptext20                             text20       000000
__ptext3                              text3        00009A
__ptext4                              text4        000440
__ptext5                              text5        00045E
__ptext6                              text6        00037A
__ptext7                              text7        00044A
__ptext8                              text8        000472
__ptext9                              text9        000454
__ramtop                              ramtop       000300
__smallconst                          smallconst   000000
_callback_count                       bssCOMRAM    00003B
_checking_moisture_status_led         text9        000454
_get_current_state                    text8        000472
_idle_status_led                      text7        00044A
_init_leds                            text6        00037A
_main                                 text0        0003AA
_registered_callbacks                 bssBANK0     000060
_set_state                            text5        00045E
_timer_overflow_isr                   intcode      000008
_tmr0Counter                          bssCOMRAM    000037
_watering_status_led                  text4        000440
btemp                                 temp         00003D
end_of_initialization                 cinit        00036C
i2_get_current_state                  text19       00047A
i2_set_state                          text18       000466
i2set_state@state_to_set              cstackCOMRAM 000001
int$flags                             temp         00003D
intlevel0                             text         000000
intlevel1                             text         000000
intlevel2                             text         000000
intlevel3                             text         000000
isa$std                               (abs)        000001
isa$xinst                             (abs)        000000
set_state@state_to_set                cstackCOMRAM 00000F
stackhi                               (abs)        000000
stacklo                               (abs)        000000
start                                 init         000096
start_initialization                  cinit        000336
ttemp5                                temp         00003E
ttemp6                                temp         000041
ttemp7                                temp         000045
wtemp8                                temp         00003E


MODULE INFORMATION

Module		Function		Class		Link	Load	Size
SystemCallbacks.c
		_Callbacks_Init		CODE           	02EA	0000	76
		_Callbacks_Manager		CODE           	01A8	0000	200
		_Reset_Counter 		CODE           	040C	0000	22
		_Register_Callback		CODE           	0270	0000	122

SystemCallbacks.c estimated size: 420

System_FSM.c
		_Check_Moisture_cb		CODE           	03D4	0000	28
		_Watering_Done_cb		CODE           	03F0	0000	28
		_FSM_begin     		CODE           	009A	0000	270

System_FSM.c estimated size: 326

LedDriver.c
		_init_leds     		CODE           	037A	0000	48
		_watering_status_led		CODE           	0440	0000	10
		_checking_moisture_status_led		CODE           	0454	0000	10
		_idle_status_led		CODE           	044A	0000	10

LedDriver.c estimated size: 78

shared
		i2_set_state   		CODE           	0466	0000	8
		__initialization		CODE           	0336	0000	54
		i2_get_current_state		CODE           	047A	0000	4

shared estimated size: 66

FSM_states.c
		_set_state     		CODE           	045E	0000	8
		_get_current_state		CODE           	0472	0000	4

FSM_states.c estimated size: 12

PIC18F4331_Timer.c
		_Timer0_init   		CODE           	0432	0000	14
		_Timer0_stop   		CODE           	046E	0000	4
		_Timer0_start  		CODE           	0476	0000	4
		_timer_overflow_isr		CODE           	0008	0000	142

PIC18F4331_Timer.c estimated size: 164

main.c
		_main          		CODE           	03AA	0000	42

main.c estimated size: 42

