Microchip MPLAB XC8 Compiler V2.40

Linker command line:

-W-3 \
  --edf=C:\Program Files\Microchip\xc8\v2.40\pic\dat\20220703182018_en.msgs \
  -cn -h+dist/default/production\ECE471_FinalV1.X.production.sym \
  --cmf=dist/default/production\ECE471_FinalV1.X.production.cmf -z \
  -Q18F4331 -oC:\Users\rafay\AppData\Local\Temp\xcAsddk.4 \
  --defsym=__MPLAB_BUILD=1 --fixupoverflow=error \
  -Mdist/default/production/ECE471_FinalV1.X.production.map \
  --md=C:\Users\rafay\AppData\Local\Temp\xcAsddk.dat -E1 -ver=XC8 Compiler \
  --acfsm=1493 -ACODE=00h-01FFFh -ACONST=00h-01FFFh \
  -ASMALLCONST=0300h-03FFhx29 -AMEDIUMCONST=0300h-01FFFh -ACOMRAM=01h-05Fh \
  -AABS1=00h-02FFh -ABIGRAM=01h-02FFh -ARAM=060h-0FFh,0100h-01FFhx2 \
  -ABANK0=060h-0FFh -ABANK1=0100h-01FFh -ABANK2=0200h-02FFh \
  -ASFR=0F60h-0FFFh -ABIGSFR=0F60h-0FFFh -ACONFIG=0300000h-030000Dh \
  -AIDLOC=0200000h-0200007h -AEEDATA=0F00000h-0F000FFh -peeprom_data=EEDATA \
  -preset_vec=00h,intcode=08h,intcodelo,powerup,init -pramtop=0300h \
  -psmallconst=SMALLCONST -pmediumconst=MEDIUMCONST -pconst=CONST \
  -AFARRAM=00h-00h \
  -prdata=COMRAM,nvrram=COMRAM,nvbit=COMRAM,rbss=COMRAM,rbit=COMRAM \
  -pfarbss=FARRAM,fardata=FARRAM,nvFARRAM=FARRAM \
  -pintsave_regs=BIGRAM,bigbss=BIGRAM,bigdata=BIGRAM -pbss=RAM \
  -pidata=CODE,irdata=CODE,ibigdata=CODE,ifardata=CODE -prparam=COMRAM \
  C:\Users\rafay\AppData\Local\Temp\xcAsddk.o \
  dist/default/production\ECE471_FinalV1.X.production.o 

Object code version is 3.11

Machine type is 18F4331



                Name                               Link     Load   Length Selector   Space Scale
C:\Users\rafay\AppData\Local\Temp\xcAsddk.o
                idloc                            200000   200000        8        0       5
                config                           300000   300000        E        0       4
                init                                 3E       3E        4        4       0
                reset_vec                             0        0        4        0       0
dist/default/production\ECE471_FinalV1.X.production.o
                intcode                               8        8       36        4       0
                idloc                            200000   200000        8        0       5
                config                           300000   300000        E        0       4
                temp                                  D        D        1        1       1
                text10                              1B8      1B8        4        4       0
                text9                               14C      14C       1C        4       0
                text8                               1AE      1AE        6        4       0
                text7                               17E      17E       14        4       0
                text6                               1A8      1A8        6        4       0
                text5                               122      122       2A        4       0
                text4                               1B4      1B4        4        4       0
                text3                               1A0      1A0        8        4       0
                text2                                BC       BC       66        4       0
                text1                                42       42       7A        4       0
                text0                               192      192        E        4       0
                cstackCOMRAM                          1        1        7        1       1
                bssCOMRAM                             8        8        4        1       1
                cinit                               168      168       16        4       0
                nvCOMRAM                              C        C        1        1       1

TOTAL           Name                               Link     Load   Length     Space
        CLASS   CODE           
                intcode                               8        8       36         0
                init                                 3E       3E        4         0
                reset_vec                             0        0        4         0
                text10                              1B8      1B8        4         0
                text9                               14C      14C       1C         0
                text8                               1AE      1AE        6         0
                text7                               17E      17E       14         0
                text6                               1A8      1A8        6         0
                text5                               122      122       2A         0
                text4                               1B4      1B4        4         0
                text3                               1A0      1A0        8         0
                text2                                BC       BC       66         0
                text1                                42       42       7A         0
                text0                               192      192        E         0
                cinit                               168      168       16         0

        CLASS   CONST          

        CLASS   SMALLCONST     

        CLASS   MEDIUMCONST    

        CLASS   COMRAM         
                temp                                  D        D        1         1
                cstackCOMRAM                          1        1        7         1
                bssCOMRAM                             8        8        4         1
                nvCOMRAM                              C        C        1         1

        CLASS   ABS1           

        CLASS   BIGRAM         

        CLASS   RAM            

        CLASS   BANK0          

        CLASS   BANK1          

        CLASS   BANK2          

        CLASS   SFR            

        CLASS   BIGSFR         

        CLASS   CONFIG         
                config                           300000   300000        E         4

        CLASS   IDLOC          
                idloc                            200000   200000        8         5

        CLASS   EEDATA         

        CLASS   FARRAM         

        CLASS   HEAP           

        CLASS   STACK          



SEGMENTS        Name                           Load    Length   Top    Selector   Space  Class

                reset_vec                      000000  000004  000004         0       0  CODE    
                cstackCOMRAM                   000001  00000D  00000E         1       1  COMRAM  
                intcode                        000008  0001B4  0001BC         4       0  CODE    


UNUSED ADDRESS RANGES

        Name                Unused          Largest block    Delta
        BANK0            000060-0000FF               A0
        BANK1            000100-0001FF              100
        BANK2            000200-0002FF              100
        BIGRAM           00000E-0002FF              2F2
        BIGSFR           000F60-000FFF               A0
        CODE             000004-000007                4
                         0001BC-001FFF             1E44
        COMRAM           00000E-00005F               52
        CONST            000004-000007                4
                         0001BC-001FFF             1E44
        EEDATA           F00000-F000FF              100
        MEDIUMCONST      000300-001FFF             1D00
        RAM              000060-0002FF              100
        SFR              000F60-000FFF               A0
        SMALLCONST       000300-001FFF              100

                                  Symbol Table

?_ADC_Read                           cstackCOMRAM 000001
SMS_read_and_set_state@current_state cstackCOMRAM 000003
SMS_read_and_set_state@moisture      cstackCOMRAM 000004
_ADC                                 bssCOMRAM    000008
_ADCHSbits                           (abs)        000F99
_ADCON0bits                          (abs)        000FC2
_ADCON1bits                          (abs)        000FC1
_ADCON2bits                          (abs)        000FC0
_ADC_Read                            text5        000122
_ADC_in_progress                     text7        00017E
_ADC_init                            text9        00014C
_ADC_start                           text6        0001A8
_ADC_stop                            text10       0001B8
_ADRESH                              (abs)        000FC4
_ADRESL                              (abs)        000FC3
_ANSEL0bits                          (abs)        000FB8
_FSM_begin                           text1        000042
_FSM_state                           nvCOMRAM     00000C
_INTCONbits                          (abs)        000FF2
_SMS_init                            text8        0001AE
_SMS_read_and_set_state              text2        0000BC
_T0CONbits                           (abs)        000FD5
_TMR0L                               (abs)        000FD6
__HRAM                               (abs)        000000
__Habs1                              abs1         000000
__Hbank0                             bank0        000000
__Hbank1                             bank1        000000
__Hbank2                             bank2        000000
__Hbigbss                            bigbss       000000
__Hbigdata                           bigdata      000000
__Hbigram                            bigram       000000
__Hbigsfr                            bigsfr       000000
__Hbss                               bss          000000
__HbssCOMRAM                         bssCOMRAM    000000
__Hcinit                             cinit        000000
__Hclrtext                           clrtext      000000
__Hcomram                            comram       000000
__Hconfig                            config       30000E
__Hconst                             const        000000
__HcstackCOMRAM                      cstackCOMRAM 000000
__Hdata                              data         000000
__Heeprom_data                       eeprom_data  000000
__Hfarbss                            farbss       000000
__Hfardata                           fardata      000000
__Hheap                              heap         000000
__Hibigdata                          ibigdata     000000
__Hidata                             idata        000000
__Hidloc                             idloc        200008
__Hifardata                          ifardata     000000
__Hinit                              init         000042
__Hintcode                           intcode      00003E
__Hintcode_body                      intcode_body 000000
__Hintcodelo                         intcodelo    00003E
__Hintentry                          intentry     000000
__Hintret                            intret       000000
__Hintsave_regs                      intsave_regs 000000
__Hirdata                            irdata       000000
__Hmediumconst                       mediumconst  000000
__HnvCOMRAM                          nvCOMRAM     000000
__HnvFARRAM                          nvFARRAM     000000
__Hnvbit                             nvbit        000000
__Hnvrram                            nvrram       000000
__Hparam                             rparam       000000
__Hpowerup                           powerup      00003E
__Hram                               ram          000000
__Hramtop                            ramtop       000300
__Hrbit                              rbit         000000
__Hrbss                              rbss         000000
__Hrdata                             rdata        000000
__Hreset_vec                         reset_vec    000004
__Hrparam                            rparam       000000
__Hsfr                               sfr          000000
__Hsmallconst                        smallconst   000000
__Hspace_0                           (abs)        000300
__Hspace_1                           (abs)        00000E
__Hspace_2                           (abs)        000000
__Hspace_4                           (abs)        60000E
__Hstack                             stack        000000
__Hstruct                            struct       000000
__Htemp                              temp         00000E
__Htext                              text         000000
__Htext0                             text0        000000
__Htext1                             text1        000000
__Htext10                            text10       000000
__Htext2                             text2        000000
__Htext3                             text3        000000
__Htext4                             text4        000000
__Htext5                             text5        000000
__Htext6                             text6        000000
__Htext7                             text7        000000
__Htext8                             text8        000000
__Htext9                             text9        000000
__LRAM                               (abs)        000001
__Labs1                              abs1         000000
__Lbank0                             bank0        000000
__Lbank1                             bank1        000000
__Lbank2                             bank2        000000
__Lbigbss                            bigbss       000000
__Lbigdata                           bigdata      000000
__Lbigram                            bigram       000000
__Lbigsfr                            bigsfr       000000
__Lbss                               bss          000000
__LbssCOMRAM                         bssCOMRAM    000000
__Lcinit                             cinit        000000
__Lclrtext                           clrtext      000000
__Lcomram                            comram       000000
__Lconfig                            config       000000
__Lconst                             const        000000
__LcstackCOMRAM                      cstackCOMRAM 000000
__Ldata                              data         000000
__Leeprom_data                       eeprom_data  000000
__Lfarbss                            farbss       000000
__Lfardata                           fardata      000000
__Lheap                              heap         000000
__Libigdata                          ibigdata     000000
__Lidata                             idata        000000
__Lidloc                             idloc        000000
__Lifardata                          ifardata     000000
__Linit                              init         00003E
__Lintcode                           intcode      000008
__Lintcode_body                      intcode_body 000000
__Lintcodelo                         intcodelo    00003E
__Lintentry                          intentry     000000
__Lintret                            intret       000000
__Lintsave_regs                      intsave_regs 000000
__Lirdata                            irdata       000000
__Lmediumconst                       mediumconst  000000
__LnvCOMRAM                          nvCOMRAM     000000
__LnvFARRAM                          nvFARRAM     000000
__Lnvbit                             nvbit        000000
__Lnvrram                            nvrram       000000
__Lparam                             rparam       000000
__Lpowerup                           powerup      00003E
__Lram                               ram          000000
__Lramtop                            ramtop       000300
__Lrbit                              rbit         000000
__Lrbss                              rbss         000000
__Lrdata                             rdata        000000
__Lreset_vec                         reset_vec    000000
__Lrparam                            rparam       000000
__Lsfr                               sfr          000000
__Lsmallconst                        smallconst   000000
__Lspace_0                           (abs)        000000
__Lspace_1                           (abs)        000000
__Lspace_2                           (abs)        000000
__Lspace_4                           (abs)        000000
__Lstack                             stack        000000
__Lstruct                            struct       000000
__Ltemp                              temp         00000D
__Ltext                              text         000000
__Ltext0                             text0        000000
__Ltext1                             text1        000000
__Ltext10                            text10       000000
__Ltext2                             text2        000000
__Ltext3                             text3        000000
__Ltext4                             text4        000000
__Ltext5                             text5        000000
__Ltext6                             text6        000000
__Ltext7                             text7        000000
__Ltext8                             text8        000000
__Ltext9                             text9        000000
__S0                                 (abs)        0001BC
__S1                                 (abs)        00000E
__S4                                 (abs)        000000
__S5                                 (abs)        000000
___heap_hi                           (abs)        000000
___heap_lo                           (abs)        000000
___inthi_sp                          stack        000000
___intlo_sp                          stack        000000
___param_bank                        (abs)        000000
___rparam_used                       (abs)        000001
___sp                                stack        000000
__accesstop                          (abs)        000060
__activetblptr                       (abs)        000002
__end_of_ADC_Read                    text5        00014C
__end_of_ADC_in_progress             text7        000192
__end_of_ADC_init                    text9        000168
__end_of_ADC_start                   text6        0001AE
__end_of_ADC_stop                    text10       0001BC
__end_of_FSM_begin                   text1        0000BC
__end_of_SMS_init                    text8        0001B4
__end_of_SMS_read_and_set_state      text2        000122
__end_of__initialization             cinit        000170
__end_of_get_current_state           text4        0001B8
__end_of_main                        text0        0001A0
__end_of_set_state                   text3        0001A8
__end_of_timer_overflow_isr          intcode      00003E
__initialization                     cinit        000168
__mediumconst                        mediumconst  000000
__pbssCOMRAM                         bssCOMRAM    000008
__pcinit                             cinit        000168
__pcstackCOMRAM                      cstackCOMRAM 000001
__pintcode                           intcode      000008
__pnvCOMRAM                          nvCOMRAM     00000C
__ptext0                             text0        000192
__ptext1                             text1        000042
__ptext10                            text10       0001B8
__ptext2                             text2        0000BC
__ptext3                             text3        0001A0
__ptext4                             text4        0001B4
__ptext5                             text5        000122
__ptext6                             text6        0001A8
__ptext7                             text7        00017E
__ptext8                             text8        0001AE
__ptext9                             text9        00014C
__ramtop                             ramtop       000300
__smallconst                         smallconst   000000
_get_current_state                   text4        0001B4
_main                                text0        000192
_set_state                           text3        0001A0
_timer_overflow_isr                  intcode      000008
_tmr0Counter                         bssCOMRAM    00000A
btemp                                temp         00000D
end_of_initialization                cinit        000170
int$flags                            temp         00000D
intlevel0                            text         000000
intlevel1                            text         000000
intlevel2                            text         000000
intlevel3                            text         000000
isa$std                              (abs)        000001
isa$xinst                            (abs)        000000
set_state@state_to_set               cstackCOMRAM 000001
stackhi                              (abs)        000000
stacklo                              (abs)        000000
start                                init         00003E
start_initialization                 cinit        000168
ttemp5                               temp         00000E
ttemp6                               temp         000011
ttemp7                               temp         000015
wtemp8                               temp         00000E


MODULE INFORMATION

Module		Function		Class		Link	Load	Size
System_FSM.c
		_FSM_begin     		CODE           	0042	0000	122

System_FSM.c estimated size: 122

shared
		__initialization		CODE           	0168	0000	8

shared estimated size: 8

FSM_states.c
		_set_state     		CODE           	01A0	0000	8
		_get_current_state		CODE           	01B4	0000	4

FSM_states.c estimated size: 12

PIC18F4331_Timer.c
		_timer_overflow_isr		CODE           	0008	0000	54

PIC18F4331_Timer.c estimated size: 54

PIC18F4331_ADC.c
		_ADC_in_progress		CODE           	017E	0000	20
		_ADC_stop      		CODE           	01B8	0000	4
		_ADC_init      		CODE           	014C	0000	28
		_ADC_start     		CODE           	01A8	0000	6
		_ADC_Read      		CODE           	0122	0000	42

PIC18F4331_ADC.c estimated size: 100

SoilMoistureSensor.c
		_SMS_read_and_set_state		CODE           	00BC	0000	102
		_SMS_init      		CODE           	01AE	0000	6

SoilMoistureSensor.c estimated size: 108

main.c
		_main          		CODE           	0192	0000	14

main.c estimated size: 14

