Microchip MPLAB XC8 Compiler V2.40

Linker command line:

-W-3 \
  --edf=C:\Program Files\Microchip\xc8\v2.40\pic\dat\20220703182018_en.msgs \
  -cn -h+dist/default/production\ECE471_FinalV1.X.production.sym \
  --cmf=dist/default/production\ECE471_FinalV1.X.production.cmf -z \
  -Q18F4331 -oC:\Users\rafay\AppData\Local\Temp\xcAsjik.4 \
  --defsym=__MPLAB_BUILD=1 --fixupoverflow=error \
  -Mdist/default/production/ECE471_FinalV1.X.production.map \
  --md=C:\Users\rafay\AppData\Local\Temp\xcAsjik.dat -E1 -ver=XC8 Compiler \
  --acfsm=1493 -ACODE=00h-01FFFh -ACONST=00h-01FFFh \
  -ASMALLCONST=0300h-03FFhx29 -AMEDIUMCONST=0300h-01FFFh -ACOMRAM=01h-05Fh \
  -AABS1=00h-02FFh -ABIGRAM=01h-02FFh -ARAM=060h-0FFh,0100h-01FFhx2 \
  -ABANK0=060h-0FFh -ABANK1=0100h-01FFh -ABANK2=0200h-02FFh \
  -ASFR=0F60h-0FFFh -ABIGSFR=0F60h-0FFFh -ACONFIG=0300000h-030000Dh \
  -AIDLOC=0200000h-0200007h -AEEDATA=0F00000h-0F000FFh -peeprom_data=EEDATA \
  -preset_vec=00h,intcode=08h,intcodelo,powerup,init -pramtop=0300h \
  -psmallconst=SMALLCONST -pmediumconst=MEDIUMCONST -pconst=CONST \
  -AFARRAM=00h-00h \
  -prdata=COMRAM,nvrram=COMRAM,nvbit=COMRAM,rbss=COMRAM,rbit=COMRAM \
  -pfarbss=FARRAM,fardata=FARRAM,nvFARRAM=FARRAM \
  -pintsave_regs=BIGRAM,bigbss=BIGRAM,bigdata=BIGRAM -pbss=RAM \
  -pidata=CODE,irdata=CODE,ibigdata=CODE,ifardata=CODE -prparam=COMRAM \
  C:\Users\rafay\AppData\Local\Temp\xcAsjik.o \
  dist/default/production\ECE471_FinalV1.X.production.o 

Object code version is 3.11

Machine type is 18F4331



                Name                               Link     Load   Length Selector   Space Scale
C:\Users\rafay\AppData\Local\Temp\xcAsjik.o
                idloc                            200000   200000        8        0       5
                config                           300000   300000        E        0       4
                init                                 BC       BC        4        4       0
                reset_vec                             0        0        4        0       0
dist/default/production\ECE471_FinalV1.X.production.o
                intcode                               8        8       B4        4       0
                idloc                            200000   200000        8        0       5
                config                           300000   300000        E        0       4
                temp                                 39       39        1        1       1
                smallconst                          300      300       5A      180       0
                text40                              ACC      ACC       16      1AD       0
                text39                              B78      B78        4      1AD       0
                text38                              B54      B54        8      1AD       0
                text37                              9FC      9FC       28      1AD       0
                text36                              9D4      9D4       28      1AD       0
                text35                              540      540       C8      1AD       0
                text33                              86C      86C       4C      1AD       0
                text32                              7BA      7BA       5C      1AD       0
                text31                              A5C      A5C       18      1AD       0
                text30                              B06      B06        E      1AD       0
                text29                              682      682       78      1AD       0
                text28                              6FA      6FA       62      1AD       0
                text27                              8B8      8B8       48      1AD       0
                text26                              816      816       56      1AD       0
                text25                              AB6      AB6       16      1AD       0
                text24                              608      608       7A      1AD       0
                text23                              AE2      AE2       14      1AD       0
                text22                              B62      B62        6      1AD       0
                text21                              9AA      9AA       2A      1AD       0
                text20                              AA0      AA0       16      1AD       0
                text19                              B4C      B4C        8      1AD       0
                text18                              75C      75C       5E      1AD       0
                text17                              B74      B74        4      1AD       0
                text16                              A40      A40       1C      1AD       0
                text15                              B5C      B5C        6      1AD       0
                text14                              B70      B70        4      1AD       0
                text13                              A8A      A8A       16      1AD       0
                text12                              B32      B32        A      1AD       0
                text11                              B44      B44        8      1AD       0
                text10                              B3C      B3C        8      1AD       0
                text9                               B28      B28        A      1AD       0
                text8                               B6C      B6C        4      1AD       0
                text7                               B1E      B1E        A      1AD       0
                text6                               97A      97A       30      1AD       0
                text5                               B14      B14        A      1AD       0
                text4                               35A      35A      1E6      1AD       0
                text3                               A74      A74       16      1AD       0
                text2                               B68      B68        4      1AD       0
                text1                               A24      A24       1C      1AD       0
                text0                               946      946       34      1AD       0
                cstackCOMRAM                          1        1       1D        1       1
                bssBANK0                             60       60       28       60       1
                dataCOMRAM                           1E       1E       10        1       1
                bssCOMRAM                            2E       2E        A        1       1
                cinit                               900      900       46      1AD       0
                nvCOMRAM                             38       38        1        1       1
                idataCOMRAM                         AF6      AF6       10      1AD       0

TOTAL           Name                               Link     Load   Length     Space
        CLASS   CODE           
                intcode                               8        8       B4         0
                init                                 BC       BC        4         0
                reset_vec                             0        0        4         0
                text40                              ACC      ACC       16         0
                text39                              B78      B78        4         0
                text38                              B54      B54        8         0
                text37                              9FC      9FC       28         0
                text36                              9D4      9D4       28         0
                text35                              540      540       C8         0
                text33                              86C      86C       4C         0
                text32                              7BA      7BA       5C         0
                text31                              A5C      A5C       18         0
                text30                              B06      B06        E         0
                text29                              682      682       78         0
                text28                              6FA      6FA       62         0
                text27                              8B8      8B8       48         0
                text26                              816      816       56         0
                text25                              AB6      AB6       16         0
                text24                              608      608       7A         0
                text23                              AE2      AE2       14         0
                text22                              B62      B62        6         0
                text21                              9AA      9AA       2A         0
                text20                              AA0      AA0       16         0
                text19                              B4C      B4C        8         0
                text18                              75C      75C       5E         0
                text17                              B74      B74        4         0
                text16                              A40      A40       1C         0
                text15                              B5C      B5C        6         0
                text14                              B70      B70        4         0
                text13                              A8A      A8A       16         0
                text12                              B32      B32        A         0
                text11                              B44      B44        8         0
                text10                              B3C      B3C        8         0
                text9                               B28      B28        A         0
                text8                               B6C      B6C        4         0
                text7                               B1E      B1E        A         0
                text6                               97A      97A       30         0
                text5                               B14      B14        A         0
                text4                               35A      35A      1E6         0
                text3                               A74      A74       16         0
                text2                               B68      B68        4         0
                text1                               A24      A24       1C         0
                text0                               946      946       34         0
                cinit                               900      900       46         0
                idataCOMRAM                         AF6      AF6       10         0

        CLASS   CONST          

        CLASS   SMALLCONST     
                smallconst                          300      300       5A         0

        CLASS   MEDIUMCONST    

        CLASS   COMRAM         
                temp                                 39       39        1         1
                cstackCOMRAM                          1        1       1D         1
                dataCOMRAM                           1E       1E       10         1
                bssCOMRAM                            2E       2E        A         1
                nvCOMRAM                             38       38        1         1

        CLASS   ABS1           

        CLASS   BIGRAM         

        CLASS   RAM            

        CLASS   BANK0          
                bssBANK0                             60       60       28         1

        CLASS   BANK1          

        CLASS   BANK2          

        CLASS   SFR            

        CLASS   BIGSFR         

        CLASS   CONFIG         
                config                           300000   300000        E         4

        CLASS   IDLOC          
                idloc                            200000   200000        8         5

        CLASS   EEDATA         

        CLASS   FARRAM         

        CLASS   HEAP           

        CLASS   STACK          



SEGMENTS        Name                           Load    Length   Top    Selector   Space  Class

                reset_vec                      000000  000004  000004         0       0  CODE    
                cstackCOMRAM                   000001  000039  00003A         1       1  COMRAM  
                intcode                        000008  0000B8  0000C0         4       0  CODE    
                bssBANK0                       000060  000028  000088        60       1  BANK0   
                smallconst                     000300  00005A  00035A       180       0  SMALLCON
                text4                          00035A  000822  000B7C       1AD       0  CODE    


UNUSED ADDRESS RANGES

        Name                Unused          Largest block    Delta
        BANK0            000088-0000FF               78
        BANK1            000100-0001FF              100
        BANK2            000200-0002FF              100
        BIGRAM           00003A-00005F               26
                         000088-0002FF              278
        BIGSFR           000F60-000FFF               A0
        CODE             000004-000007                4
                         0000C0-0002FF              240
                         000B7C-001FFF             1484
        COMRAM           00003A-00005F               26
        CONST            000004-000007                4
                         0000C0-0002FF              240
                         000B7C-001FFF             1484
        EEDATA           F00000-F000FF              100
        MEDIUMCONST      000B7C-001FFF             1484
        RAM              000088-0002FF              100
        SFR              000F60-000FFF               A0
        SMALLCONST       000B7C-001FFF              100

                                  Symbol Table

?_ADC_Read                            cstackCOMRAM 000010
?_SMS_Read_Moisture_Value             cstackCOMRAM 000012
Callbacks_Init@callback               cstackCOMRAM 000010
Callbacks_Manager@callbacks           cstackCOMRAM 000007
FSM_begin@moisture                    cstackCOMRAM 00001C
LCD_CMD@CMD                           cstackCOMRAM 000011
LCD_DATA@Data                         cstackCOMRAM 000010
LCD_Set_Cursor@High4                  cstackCOMRAM 000015
LCD_Set_Cursor@Low4                   cstackCOMRAM 000014
LCD_Set_Cursor@Temp                   cstackCOMRAM 000016
LCD_Set_Cursor@c                      cstackCOMRAM 000012
LCD_Set_Cursor@r                      cstackCOMRAM 000013
LCD_Write_Char@Data                   cstackCOMRAM 000013
LCD_Write_Char@High4                  cstackCOMRAM 000012
LCD_Write_Char@Low4                   cstackCOMRAM 000011
LCD_Write_String@i                    cstackCOMRAM 000018
LCD_Write_String@str                  cstackCOMRAM 000014
Register_Callback@config              cstackCOMRAM 000012
Reset_Counter@config                  cstackCOMRAM 000010
SMS_Read_Moisture_Value@moisture      cstackCOMRAM 000014
SMS_Set_State@moisture                cstackCOMRAM 000011
UART2_send@data                       cstackCOMRAM 000010
_ADC                                  bssCOMRAM    000032
_ADCHSbits                            (abs)        000F99
_ADCON0bits                           (abs)        000FC2
_ADCON1bits                           (abs)        000FC1
_ADCON2bits                           (abs)        000FC0
_ADC_Read                             text21       0009AA
_ADC_in_progress                      text23       000AE2
_ADC_init                             text16       000A40
_ADC_start                            text22       000B62
_ADC_stop                             text17       000B74
_ADRESH                               (abs)        000FC4
_ADRESL                               (abs)        000FC3
_ANSEL0bits                           (abs)        000FB8
_Callbacks_Init                       text33       00086C
_Callbacks_Manager                    text35       000540
_Check_Moisture_cb                    text36       0009D4
_FSM_begin                            text4        00035A
_FSM_state                            nvCOMRAM     000038
_INTCON2bits                          (abs)        000FF1
_INTCONbits                           (abs)        000FF2
_LATC                                 (abs)        000F8B
_LATD                                 (abs)        000F8C
_LCD_CMD                              text31       000A5C
_LCD_Clear                            text30       000B06
_LCD_DATA                             text32       0007BA
_LCD_Init                             text29       000682
_LCD_Set_Cursor                       text28       0006FA
_LCD_Write_Char                       text27       0008B8
_LCD_Write_String                     text26       000816
_MoistureCB_Config                    dataCOMRAM   000026
_OSCCONbits                           (abs)        000FD3
_PIR1bits                             (abs)        000F9E
_PORTBbits                            (abs)        000F81
_RCONbits                             (abs)        000FD0
_RCREG                                (abs)        000FAE
_RCSTAbits                            (abs)        000FAB
_Register_Callback                    text24       000608
_Reset_Counter                        text25       000AB6
_SMS_Read_Moisture_Value              text20       000AA0
_SMS_Set_State                        text18       00075C
_SMS_init                             text15       000B5C
_SPBRG                                (abs)        000FAF
_SPBRGH                               (abs)        000FB0
_T0CONbits                            (abs)        000FD5
_TMR0H                                (abs)        000FD7
_TMR0L                                (abs)        000FD6
_TRISB                                (abs)        000F93
_TRISBbits                            (abs)        000F93
_TRISC                                (abs)        000F94
_TRISCbits                            (abs)        000F94
_TRISD                                (abs)        000F95
_TXREG                                (abs)        000FAD
_TXSTAbits                            (abs)        000FAC
_Timer0_init                          text3        000A74
_Timer0_start                         text14       000B70
_Timer0_stop                          text2        000B68
_UART2_init                           text1        000A24
_UART2_send                           text13       000A8A
_WaterPump_Init                       text12       000B32
_WaterPump_OFF                        text11       000B44
_WaterPump_ON                         text10       000B3C
_WateringDoneCB_Config                dataCOMRAM   00001E
_Watering_Done_cb                     text37       0009FC
__HRAM                                (abs)        000000
__Habs1                               abs1         000000
__Hbank0                              bank0        000000
__Hbank1                              bank1        000000
__Hbank2                              bank2        000000
__Hbigbss                             bigbss       000000
__Hbigdata                            bigdata      000000
__Hbigram                             bigram       000000
__Hbigsfr                             bigsfr       000000
__Hbss                                bss          000000
__HbssBANK0                           bssBANK0     000000
__HbssCOMRAM                          bssCOMRAM    000000
__Hcinit                              cinit        000000
__Hclrtext                            clrtext      000000
__Hcomram                             comram       000000
__Hconfig                             config       30000E
__Hconst                              const        000000
__HcstackCOMRAM                       cstackCOMRAM 000000
__Hdata                               data         000000
__HdataCOMRAM                         dataCOMRAM   000000
__Heeprom_data                        eeprom_data  000000
__Hfarbss                             farbss       000000
__Hfardata                            fardata      000000
__Hheap                               heap         000000
__Hibigdata                           ibigdata     000000
__Hidata                              idata        000000
__HidataCOMRAM                        idataCOMRAM  000000
__Hidloc                              idloc        200008
__Hifardata                           ifardata     000000
__Hinit                               init         0000C0
__Hintcode                            intcode      0000BC
__Hintcode_body                       intcode_body 000000
__Hintcodelo                          intcodelo    0000BC
__Hintentry                           intentry     000000
__Hintret                             intret       000000
__Hintsave_regs                       intsave_regs 000000
__Hirdata                             irdata       000000
__Hmediumconst                        mediumconst  000000
__HnvCOMRAM                           nvCOMRAM     000000
__HnvFARRAM                           nvFARRAM     000000
__Hnvbit                              nvbit        000000
__Hnvrram                             nvrram       000000
__Hparam                              rparam       000000
__Hpowerup                            powerup      0000BC
__Hram                                ram          000000
__Hramtop                             ramtop       000300
__Hrbit                               rbit         000000
__Hrbss                               rbss         000000
__Hrdata                              rdata        000000
__Hreset_vec                          reset_vec    000004
__Hrparam                             rparam       000000
__Hsfr                                sfr          000000
__Hsmallconst                         smallconst   00035A
__Hspace_0                            (abs)        000B7C
__Hspace_1                            (abs)        000088
__Hspace_2                            (abs)        000000
__Hspace_4                            (abs)        60000E
__Hstack                              stack        000000
__Hstruct                             struct       000000
__Htemp                               temp         00003A
__Htext                               text         000000
__Htext0                              text0        000000
__Htext1                              text1        000000
__Htext10                             text10       000000
__Htext11                             text11       000000
__Htext12                             text12       000000
__Htext13                             text13       000000
__Htext14                             text14       000000
__Htext15                             text15       000000
__Htext16                             text16       000000
__Htext17                             text17       000000
__Htext18                             text18       000000
__Htext19                             text19       000000
__Htext2                              text2        000000
__Htext20                             text20       000000
__Htext21                             text21       000000
__Htext22                             text22       000000
__Htext23                             text23       000000
__Htext24                             text24       000000
__Htext25                             text25       000000
__Htext26                             text26       000000
__Htext27                             text27       000000
__Htext28                             text28       000000
__Htext29                             text29       000000
__Htext3                              text3        000000
__Htext30                             text30       000000
__Htext31                             text31       000000
__Htext32                             text32       000000
__Htext33                             text33       000000
__Htext35                             text35       000000
__Htext36                             text36       000000
__Htext37                             text37       000000
__Htext38                             text38       000000
__Htext39                             text39       000000
__Htext4                              text4        000000
__Htext40                             text40       000000
__Htext41                             text41       000000
__Htext5                              text5        000000
__Htext6                              text6        000000
__Htext7                              text7        000000
__Htext8                              text8        000000
__Htext9                              text9        000000
__LRAM                                (abs)        000001
__Labs1                               abs1         000000
__Lbank0                              bank0        000000
__Lbank1                              bank1        000000
__Lbank2                              bank2        000000
__Lbigbss                             bigbss       000000
__Lbigdata                            bigdata      000000
__Lbigram                             bigram       000000
__Lbigsfr                             bigsfr       000000
__Lbss                                bss          000000
__LbssBANK0                           bssBANK0     000000
__LbssCOMRAM                          bssCOMRAM    000000
__Lcinit                              cinit        000000
__Lclrtext                            clrtext      000000
__Lcomram                             comram       000000
__Lconfig                             config       000000
__Lconst                              const        000000
__LcstackCOMRAM                       cstackCOMRAM 000000
__Ldata                               data         000000
__LdataCOMRAM                         dataCOMRAM   000000
__Leeprom_data                        eeprom_data  000000
__Lfarbss                             farbss       000000
__Lfardata                            fardata      000000
__Lheap                               heap         000000
__Libigdata                           ibigdata     000000
__Lidata                              idata        000000
__LidataCOMRAM                        idataCOMRAM  000000
__Lidloc                              idloc        000000
__Lifardata                           ifardata     000000
__Linit                               init         0000BC
__Lintcode                            intcode      000008
__Lintcode_body                       intcode_body 000000
__Lintcodelo                          intcodelo    0000BC
__Lintentry                           intentry     000000
__Lintret                             intret       000000
__Lintsave_regs                       intsave_regs 000000
__Lirdata                             irdata       000000
__Lmediumconst                        mediumconst  000000
__LnvCOMRAM                           nvCOMRAM     000000
__LnvFARRAM                           nvFARRAM     000000
__Lnvbit                              nvbit        000000
__Lnvrram                             nvrram       000000
__Lparam                              rparam       000000
__Lpowerup                            powerup      0000BC
__Lram                                ram          000000
__Lramtop                             ramtop       000300
__Lrbit                               rbit         000000
__Lrbss                               rbss         000000
__Lrdata                              rdata        000000
__Lreset_vec                          reset_vec    000000
__Lrparam                             rparam       000000
__Lsfr                                sfr          000000
__Lsmallconst                         smallconst   000300
__Lspace_0                            (abs)        000000
__Lspace_1                            (abs)        000000
__Lspace_2                            (abs)        000000
__Lspace_4                            (abs)        000000
__Lstack                              stack        000000
__Lstruct                             struct       000000
__Ltemp                               temp         000039
__Ltext                               text         000000
__Ltext0                              text0        000000
__Ltext1                              text1        000000
__Ltext10                             text10       000000
__Ltext11                             text11       000000
__Ltext12                             text12       000000
__Ltext13                             text13       000000
__Ltext14                             text14       000000
__Ltext15                             text15       000000
__Ltext16                             text16       000000
__Ltext17                             text17       000000
__Ltext18                             text18       000000
__Ltext19                             text19       000000
__Ltext2                              text2        000000
__Ltext20                             text20       000000
__Ltext21                             text21       000000
__Ltext22                             text22       000000
__Ltext23                             text23       000000
__Ltext24                             text24       000000
__Ltext25                             text25       000000
__Ltext26                             text26       000000
__Ltext27                             text27       000000
__Ltext28                             text28       000000
__Ltext29                             text29       000000
__Ltext3                              text3        000000
__Ltext30                             text30       000000
__Ltext31                             text31       000000
__Ltext32                             text32       000000
__Ltext33                             text33       000000
__Ltext35                             text35       000000
__Ltext36                             text36       000000
__Ltext37                             text37       000000
__Ltext38                             text38       000000
__Ltext39                             text39       000000
__Ltext4                              text4        000000
__Ltext40                             text40       000000
__Ltext41                             text41       000000
__Ltext5                              text5        000000
__Ltext6                              text6        000000
__Ltext7                              text7        000000
__Ltext8                              text8        000000
__Ltext9                              text9        000000
__S0                                  (abs)        000B7C
__S1                                  (abs)        000088
__S4                                  (abs)        000000
__S5                                  (abs)        000000
___heap_hi                            (abs)        000000
___heap_lo                            (abs)        000000
___inthi_sp                           stack        000000
___intlo_sp                           stack        000000
___param_bank                         (abs)        000000
___rparam_used                        (abs)        000001
___sp                                 stack        000000
__accesstop                           (abs)        000060
__activetblptr                        (abs)        000002
__end_of_ADC_Read                     text21       0009D4
__end_of_ADC_in_progress              text23       000AF6
__end_of_ADC_init                     text16       000A5C
__end_of_ADC_start                    text22       000B68
__end_of_ADC_stop                     text17       000B78
__end_of_Callbacks_Init               text33       0008B8
__end_of_Callbacks_Manager            text35       000608
__end_of_Check_Moisture_cb            text36       0009FC
__end_of_FSM_begin                    text4        000540
__end_of_LCD_CMD                      text31       000A74
__end_of_LCD_Clear                    text30       000B14
__end_of_LCD_DATA                     text32       000816
__end_of_LCD_Init                     text29       0006FA
__end_of_LCD_Set_Cursor               text28       00075C
__end_of_LCD_Write_Char               text27       000900
__end_of_LCD_Write_String             text26       00086C
__end_of_Register_Callback            text24       000682
__end_of_Reset_Counter                text25       000ACC
__end_of_SMS_Read_Moisture_Value      text20       000AB6
__end_of_SMS_Set_State                text18       0007BA
__end_of_SMS_init                     text15       000B62
__end_of_Timer0_init                  text3        000A8A
__end_of_Timer0_start                 text14       000B74
__end_of_Timer0_stop                  text2        000B6C
__end_of_UART2_init                   text1        000A40
__end_of_UART2_send                   text13       000AA0
__end_of_WaterPump_Init               text12       000B3C
__end_of_WaterPump_OFF                text11       000B4C
__end_of_WaterPump_ON                 text10       000B44
__end_of_Watering_Done_cb             text37       000A24
__end_of__initialization              cinit        000938
__end_of_checking_moisture_status_led text9        000B32
__end_of_get_current_state            text8        000B70
__end_of_idle_status_led              text7        000B28
__end_of_init_leds                    text6        0009AA
__end_of_main                         text0        00097A
__end_of_set_state                    text19       000B54
__end_of_timer_overflow_isr           intcode      0000BC
__end_of_watering_status_led          text5        000B1E
__end_ofi2_Reset_Counter              text40       000AE2
__end_ofi2_get_current_state          text39       000B7C
__end_ofi2_set_state                  text38       000B5C
__initialization                      cinit        000900
__mediumconst                         mediumconst  000000
__pbssBANK0                           bssBANK0     000060
__pbssCOMRAM                          bssCOMRAM    00002E
__pcinit                              cinit        000900
__pcstackCOMRAM                       cstackCOMRAM 000001
__pdataCOMRAM                         dataCOMRAM   00001E
__pidataCOMRAM                        idataCOMRAM  000AF6
__pintcode                            intcode      000008
__pnvCOMRAM                           nvCOMRAM     000038
__psmallconst                         smallconst   000300
__ptext0                              text0        000946
__ptext1                              text1        000A24
__ptext10                             text10       000B3C
__ptext11                             text11       000B44
__ptext12                             text12       000B32
__ptext13                             text13       000A8A
__ptext14                             text14       000B70
__ptext15                             text15       000B5C
__ptext16                             text16       000A40
__ptext17                             text17       000B74
__ptext18                             text18       00075C
__ptext19                             text19       000B4C
__ptext2                              text2        000B68
__ptext20                             text20       000AA0
__ptext21                             text21       0009AA
__ptext22                             text22       000B62
__ptext23                             text23       000AE2
__ptext24                             text24       000608
__ptext25                             text25       000AB6
__ptext26                             text26       000816
__ptext27                             text27       0008B8
__ptext28                             text28       0006FA
__ptext29                             text29       000682
__ptext3                              text3        000A74
__ptext30                             text30       000B06
__ptext31                             text31       000A5C
__ptext32                             text32       0007BA
__ptext33                             text33       00086C
__ptext35                             text35       000540
__ptext36                             text36       0009D4
__ptext37                             text37       0009FC
__ptext38                             text38       000B54
__ptext39                             text39       000B78
__ptext4                              text4        00035A
__ptext40                             text40       000ACC
__ptext41                             text41       000000
__ptext5                              text5        000B14
__ptext6                              text6        00097A
__ptext7                              text7        000B1E
__ptext8                              text8        000B6C
__ptext9                              text9        000B28
__ramtop                              ramtop       000300
__smallconst                          smallconst   000300
_callback_count                       bssCOMRAM    000037
_checking_moisture_status_led         text9        000B28
_get_current_state                    text8        000B6C
_idle_status_led                      text7        000B1E
_init_leds                            text6        00097A
_main                                 text0        000946
_pump_status                          bssCOMRAM    000036
_registered_callbacks                 bssBANK0     000060
_rx_data                              bssCOMRAM    000034
_rx_flag                              bssCOMRAM    000035
_set_state                            text19       000B4C
_timer_overflow_isr                   intcode      000008
_tmr0Counter                          bssCOMRAM    000030
_tmr0Counter@SystemInterrupts$F994    bssCOMRAM    00002E
_watering_status_led                  text5        000B14
btemp                                 temp         000039
end_of_initialization                 cinit        000938
i2Reset_Counter@config                cstackCOMRAM 000001
i2_Reset_Counter                      text40       000ACC
i2_get_current_state                  text39       000B78
i2_set_state                          text38       000B54
i2set_state@state_to_set              cstackCOMRAM 000001
int$flags                             temp         000039
intlevel0                             text         000000
intlevel1                             text         000000
intlevel2                             text         000000
intlevel3                             text         000000
isa$std                               (abs)        000001
isa$xinst                             (abs)        000000
set_state@state_to_set                cstackCOMRAM 000010
stackhi                               (abs)        000000
stacklo                               (abs)        000000
start                                 init         0000BC
start_initialization                  cinit        000900
ttemp5                                temp         00003A
ttemp6                                temp         00003D
ttemp7                                temp         000041
wtemp8                                temp         00003A


MODULE INFORMATION

Module		Function		Class		Link	Load	Size
SystemCallbacks.c
		_Callbacks_Init		CODE           	086C	0000	76
		_Callbacks_Manager		CODE           	0540	0000	200
		_Reset_Counter 		CODE           	0AB6	0000	22
		_Register_Callback		CODE           	0608	0000	122

SystemCallbacks.c estimated size: 420

System_FSM.c
		_Check_Moisture_cb		CODE           	09D4	0000	40
		_Watering_Done_cb		CODE           	09FC	0000	40
		_FSM_begin     		CODE           	035A	0000	486

System_FSM.c estimated size: 566

SystemInterrupts.c
		_timer_overflow_isr		CODE           	0008	0000	180

SystemInterrupts.c estimated size: 180

WaterPump_Driver.c
		_WaterPump_ON  		CODE           	0B3C	0000	8
		_WaterPump_OFF 		CODE           	0B44	0000	8
		_WaterPump_Init		CODE           	0B32	0000	10

WaterPump_Driver.c estimated size: 26

LedDriver.c
		_init_leds     		CODE           	097A	0000	48
		_watering_status_led		CODE           	0B14	0000	10
		_checking_moisture_status_led		CODE           	0B28	0000	10
		_idle_status_led		CODE           	0B1E	0000	10

LedDriver.c estimated size: 78

shared
		i2_set_state   		CODE           	0B54	0000	8
		__initialization		CODE           	0900	0000	56
		i2_get_current_state		CODE           	0B78	0000	4
		i2_Reset_Counter		CODE           	0ACC	0000	22

shared estimated size: 90

FSM_states.c
		_set_state     		CODE           	0B4C	0000	8
		_get_current_state		CODE           	0B6C	0000	4

FSM_states.c estimated size: 12

PIC18F4331_Timer.c
		_Timer0_init   		CODE           	0A74	0000	22
		_Timer0_stop   		CODE           	0B68	0000	4
		_Timer0_start  		CODE           	0B70	0000	4

PIC18F4331_Timer.c estimated size: 30

PIC18F4331_ADC.c
		_ADC_in_progress		CODE           	0AE2	0000	20
		_ADC_stop      		CODE           	0B74	0000	4
		_ADC_init      		CODE           	0A40	0000	28
		_ADC_start     		CODE           	0B62	0000	6
		_ADC_Read      		CODE           	09AA	0000	42

PIC18F4331_ADC.c estimated size: 100

SoilMoistureSensor.c
		_SMS_Set_State 		CODE           	075C	0000	94
		_SMS_init      		CODE           	0B5C	0000	6
		_SMS_Read_Moisture_Value		CODE           	0AA0	0000	22

SoilMoistureSensor.c estimated size: 122

PIC18F4331_UART2.c
		_UART2_send    		CODE           	0A8A	0000	22
		_UART2_init    		CODE           	0A24	0000	28

PIC18F4331_UART2.c estimated size: 50

main.c
		_main          		CODE           	0946	0000	52

main.c estimated size: 52

LCD.c
		_LCD_Init      		CODE           	0682	0000	120
		_LCD_Write_Char		CODE           	08B8	0000	72
		_LCD_CMD       		CODE           	0A5C	0000	24
		_LCD_DATA      		CODE           	07BA	0000	92
		_LCD_Set_Cursor		CODE           	06FA	0000	98
		_LCD_Clear     		CODE           	0B06	0000	14
		_LCD_Write_String		CODE           	0816	0000	86

LCD.c estimated size: 506

