Microchip MPLAB XC8 Compiler V2.40

Linker command line:

-W-3 \
  --edf=C:\Program Files\Microchip\xc8\v2.40\pic\dat\20220703182018_en.msgs \
  -cn -h+dist/default/production\ECE471_FinalV1.X.production.sym \
  --cmf=dist/default/production\ECE471_FinalV1.X.production.cmf -z \
  -Q18F4331 -oC:\Users\rafay\AppData\Local\Temp\xcAshc0.4 \
  --defsym=__MPLAB_BUILD=1 --fixupoverflow=error \
  -Mdist/default/production/ECE471_FinalV1.X.production.map \
  --md=C:\Users\rafay\AppData\Local\Temp\xcAshc0.dat -E1 -ver=XC8 Compiler \
  --acfsm=1493 -ACODE=00h-01FFFh -ACONST=00h-01FFFh \
  -ASMALLCONST=0300h-03FFhx29 -AMEDIUMCONST=0300h-01FFFh -ACOMRAM=01h-05Fh \
  -AABS1=00h-02FFh -ABIGRAM=01h-02FFh -ARAM=060h-0FFh,0100h-01FFhx2 \
  -ABANK0=060h-0FFh -ABANK1=0100h-01FFh -ABANK2=0200h-02FFh \
  -ASFR=0F60h-0FFFh -ABIGSFR=0F60h-0FFFh -ACONFIG=0300000h-030000Dh \
  -AIDLOC=0200000h-0200007h -AEEDATA=0F00000h-0F000FFh -peeprom_data=EEDATA \
  -preset_vec=00h,intcode=08h,intcodelo,powerup,init -pramtop=0300h \
  -psmallconst=SMALLCONST -pmediumconst=MEDIUMCONST -pconst=CONST \
  -AFARRAM=00h-00h \
  -prdata=COMRAM,nvrram=COMRAM,nvbit=COMRAM,rbss=COMRAM,rbit=COMRAM \
  -pfarbss=FARRAM,fardata=FARRAM,nvFARRAM=FARRAM \
  -pintsave_regs=BIGRAM,bigbss=BIGRAM,bigdata=BIGRAM -pbss=RAM \
  -pidata=CODE,irdata=CODE,ibigdata=CODE,ifardata=CODE -prparam=COMRAM \
  C:\Users\rafay\AppData\Local\Temp\xcAshc0.o \
  dist/default/production\ECE471_FinalV1.X.production.o 

Object code version is 3.11

Machine type is 18F4331



                Name                               Link     Load   Length Selector   Space Scale
C:\Users\rafay\AppData\Local\Temp\xcAshc0.o
                idloc                            200000   200000        8        0       5
                config                           300000   300000        E        0       4
                init                                 76       76        4        4       0
                reset_vec                             0        0        4        0       0
dist/default/production\ECE471_FinalV1.X.production.o
                intcode                               8        8       6E        4       0
                idloc                            200000   200000        8        0       5
                config                           300000   300000        E        0       4
                temp                                 19       19        1        1       1
                text16                              15C      15C       54        4       0
                text15                              224      224       1C        4       0
                text13                              2A0      2A0        4        4       0
                text12                              208      208       1C        4       0
                text11                              296      296        6        4       0
                text10                              240      240       14        4       0
                text9                               290      290        6        4       0
                text8                               1DE      1DE       2A        4       0
                text7                               288      288        8        4       0
                text6                                FC       FC       60        4       0
                text5                               27E      27E        A        4       0
                text4                               270      270        E        4       0
                text3                               262      262        E        4       0
                text2                               29C      29C        4        4       0
                text1                                7A       7A       82        4       0
                text0                               254      254        E        4       0
                cstackCOMRAM                          1        1        D        1       1
                bssBIGRAM                           170      170      190      170       1
                bssCOMRAM                             E        E        A        1       1
                cinit                               1B0      1B0       2E        4       0
                nvCOMRAM                             18       18        1        1       1

TOTAL           Name                               Link     Load   Length     Space
        CLASS   CODE           
                intcode                               8        8       6E         0
                init                                 76       76        4         0
                reset_vec                             0        0        4         0
                text16                              15C      15C       54         0
                text15                              224      224       1C         0
                text13                              2A0      2A0        4         0
                text12                              208      208       1C         0
                text11                              296      296        6         0
                text10                              240      240       14         0
                text9                               290      290        6         0
                text8                               1DE      1DE       2A         0
                text7                               288      288        8         0
                text6                                FC       FC       60         0
                text5                               27E      27E        A         0
                text4                               270      270        E         0
                text3                               262      262        E         0
                text2                               29C      29C        4         0
                text1                                7A       7A       82         0
                text0                               254      254        E         0
                cinit                               1B0      1B0       2E         0

        CLASS   CONST          

        CLASS   SMALLCONST     

        CLASS   MEDIUMCONST    

        CLASS   COMRAM         
                temp                                 19       19        1         1
                cstackCOMRAM                          1        1        D         1
                bssCOMRAM                             E        E        A         1
                nvCOMRAM                             18       18        1         1

        CLASS   ABS1           

        CLASS   BIGRAM         
                bssBIGRAM                           170      170      190         1

        CLASS   RAM            

        CLASS   BANK0          

        CLASS   BANK1          

        CLASS   BANK2          

        CLASS   SFR            

        CLASS   BIGSFR         

        CLASS   CONFIG         
                config                           300000   300000        E         4

        CLASS   IDLOC          
                idloc                            200000   200000        8         5

        CLASS   EEDATA         

        CLASS   FARRAM         

        CLASS   HEAP           

        CLASS   STACK          



SEGMENTS        Name                           Load    Length   Top    Selector   Space  Class

                reset_vec                      000000  000004  000004         0       0  CODE    
                cstackCOMRAM                   000001  000019  00001A         1       1  COMRAM  
                intcode                        000008  00029C  0002A4         4       0  CODE    
                bssBIGRAM                      000170  000190  000300       170       1  BIGRAM  


UNUSED ADDRESS RANGES

        Name                Unused          Largest block    Delta
        BANK0            000060-0000FF               A0
        BANK1            000100-00016F               70
        BIGRAM           00001A-00016F              156
        BIGSFR           000F60-000FFF               A0
        CODE             000004-000007                4
                         0002A4-001FFF             1D5C
        COMRAM           00001A-00005F               46
        CONST            000004-000007                4
                         0002A4-001FFF             1D5C
        EEDATA           F00000-F000FF              100
        MEDIUMCONST      000300-001FFF             1D00
        RAM              000060-00016F               A0
        SFR              000F60-000FFF               A0
        SMALLCONST       000300-001FFF              100

                                  Symbol Table

?_ADC_Read                              cstackCOMRAM 000008
OneSecond_ExecutiveCallback@callbacks   cstackCOMRAM 000002
SMS_read_and_set_state@moisture         cstackCOMRAM 00000A
TimerMiddleware_Init@callback_executive cstackCOMRAM 000008
_ADC                                    bssCOMRAM    000016
_ADCHSbits                              (abs)        000F99
_ADCON0bits                             (abs)        000FC2
_ADCON1bits                             (abs)        000FC1
_ADCON2bits                             (abs)        000FC0
_ADC_Read                               text8        0001DE
_ADC_in_progress                        text10       000240
_ADC_init                               text12       000208
_ADC_start                              text9        000290
_ADC_stop                               text13       0002A0
_ADRESH                                 (abs)        000FC4
_ADRESL                                 (abs)        000FC3
_ANSEL0bits                             (abs)        000FB8
_CallbackExecutive                      bssCOMRAM    000012
_FSM_begin                              text1        00007A
_FSM_state                              nvCOMRAM     000018
_INTCONbits                             (abs)        000FF2
_OneSecond_ExecutiveCallback            text16       00015C
_OneSecond_Timer_Middleware             text15       000224
_SMS_init                               text11       000296
_SMS_read_and_set_state                 text6        0000FC
_SystemCallbacks_Init                   text4        000270
_T0CONbits                              (abs)        000FD5
_TMR0H                                  (abs)        000FD7
_TMR0L                                  (abs)        000FD6
_Timer0_init                            text3        000262
_TimerMiddleware_Init                   text5        00027E
__HRAM                                  (abs)        000000
__Habs1                                 abs1         000000
__Hbank0                                bank0        000000
__Hbank1                                bank1        000000
__Hbank2                                bank2        000000
__Hbigbss                               bigbss       000000
__Hbigdata                              bigdata      000000
__Hbigram                               bigram       000000
__Hbigsfr                               bigsfr       000000
__Hbss                                  bss          000000
__HbssBIGRAM                            bssBIGRAM    000000
__HbssCOMRAM                            bssCOMRAM    000000
__Hcinit                                cinit        000000
__Hclrtext                              clrtext      000000
__Hcomram                               comram       000000
__Hconfig                               config       30000E
__Hconst                                const        000000
__HcstackCOMRAM                         cstackCOMRAM 000000
__Hdata                                 data         000000
__Heeprom_data                          eeprom_data  000000
__Hfarbss                               farbss       000000
__Hfardata                              fardata      000000
__Hheap                                 heap         000000
__Hibigdata                             ibigdata     000000
__Hidata                                idata        000000
__Hidloc                                idloc        200008
__Hifardata                             ifardata     000000
__Hinit                                 init         00007A
__Hintcode                              intcode      000076
__Hintcode_body                         intcode_body 000000
__Hintcodelo                            intcodelo    000076
__Hintentry                             intentry     000000
__Hintret                               intret       000000
__Hintsave_regs                         intsave_regs 000000
__Hirdata                               irdata       000000
__Hmediumconst                          mediumconst  000000
__HnvCOMRAM                             nvCOMRAM     000000
__HnvFARRAM                             nvFARRAM     000000
__Hnvbit                                nvbit        000000
__Hnvrram                               nvrram       000000
__Hparam                                rparam       000000
__Hpowerup                              powerup      000076
__Hram                                  ram          000000
__Hramtop                               ramtop       000300
__Hrbit                                 rbit         000000
__Hrbss                                 rbss         000000
__Hrdata                                rdata        000000
__Hreset_vec                            reset_vec    000004
__Hrparam                               rparam       000000
__Hsfr                                  sfr          000000
__Hsmallconst                           smallconst   000000
__Hspace_0                              (abs)        000300
__Hspace_1                              (abs)        000300
__Hspace_2                              (abs)        000000
__Hspace_4                              (abs)        60000E
__Hstack                                stack        000000
__Hstruct                               struct       000000
__Htemp                                 temp         00001A
__Htext                                 text         000000
__Htext0                                text0        000000
__Htext1                                text1        000000
__Htext10                               text10       000000
__Htext11                               text11       000000
__Htext12                               text12       000000
__Htext13                               text13       000000
__Htext15                               text15       000000
__Htext16                               text16       000000
__Htext17                               text17       000000
__Htext2                                text2        000000
__Htext3                                text3        000000
__Htext4                                text4        000000
__Htext5                                text5        000000
__Htext6                                text6        000000
__Htext7                                text7        000000
__Htext8                                text8        000000
__Htext9                                text9        000000
__LRAM                                  (abs)        000001
__Labs1                                 abs1         000000
__Lbank0                                bank0        000000
__Lbank1                                bank1        000000
__Lbank2                                bank2        000000
__Lbigbss                               bigbss       000000
__Lbigdata                              bigdata      000000
__Lbigram                               bigram       000000
__Lbigsfr                               bigsfr       000000
__Lbss                                  bss          000000
__LbssBIGRAM                            bssBIGRAM    000000
__LbssCOMRAM                            bssCOMRAM    000000
__Lcinit                                cinit        000000
__Lclrtext                              clrtext      000000
__Lcomram                               comram       000000
__Lconfig                               config       000000
__Lconst                                const        000000
__LcstackCOMRAM                         cstackCOMRAM 000000
__Ldata                                 data         000000
__Leeprom_data                          eeprom_data  000000
__Lfarbss                               farbss       000000
__Lfardata                              fardata      000000
__Lheap                                 heap         000000
__Libigdata                             ibigdata     000000
__Lidata                                idata        000000
__Lidloc                                idloc        000000
__Lifardata                             ifardata     000000
__Linit                                 init         000076
__Lintcode                              intcode      000008
__Lintcode_body                         intcode_body 000000
__Lintcodelo                            intcodelo    000076
__Lintentry                             intentry     000000
__Lintret                               intret       000000
__Lintsave_regs                         intsave_regs 000000
__Lirdata                               irdata       000000
__Lmediumconst                          mediumconst  000000
__LnvCOMRAM                             nvCOMRAM     000000
__LnvFARRAM                             nvFARRAM     000000
__Lnvbit                                nvbit        000000
__Lnvrram                               nvrram       000000
__Lparam                                rparam       000000
__Lpowerup                              powerup      000076
__Lram                                  ram          000000
__Lramtop                               ramtop       000300
__Lrbit                                 rbit         000000
__Lrbss                                 rbss         000000
__Lrdata                                rdata        000000
__Lreset_vec                            reset_vec    000000
__Lrparam                               rparam       000000
__Lsfr                                  sfr          000000
__Lsmallconst                           smallconst   000000
__Lspace_0                              (abs)        000000
__Lspace_1                              (abs)        000000
__Lspace_2                              (abs)        000000
__Lspace_4                              (abs)        000000
__Lstack                                stack        000000
__Lstruct                               struct       000000
__Ltemp                                 temp         000019
__Ltext                                 text         000000
__Ltext0                                text0        000000
__Ltext1                                text1        000000
__Ltext10                               text10       000000
__Ltext11                               text11       000000
__Ltext12                               text12       000000
__Ltext13                               text13       000000
__Ltext15                               text15       000000
__Ltext16                               text16       000000
__Ltext17                               text17       000000
__Ltext2                                text2        000000
__Ltext3                                text3        000000
__Ltext4                                text4        000000
__Ltext5                                text5        000000
__Ltext6                                text6        000000
__Ltext7                                text7        000000
__Ltext8                                text8        000000
__Ltext9                                text9        000000
__S0                                    (abs)        0002A4
__S1                                    (abs)        000300
__S4                                    (abs)        000000
__S5                                    (abs)        000000
___heap_hi                              (abs)        000000
___heap_lo                              (abs)        000000
___inthi_sp                             stack        000000
___intlo_sp                             stack        000000
___param_bank                           (abs)        000000
___rparam_used                          (abs)        000001
___sp                                   stack        000000
__accesstop                             (abs)        000060
__activetblptr                          (abs)        000002
__end_of_ADC_Read                       text8        000208
__end_of_ADC_in_progress                text10       000254
__end_of_ADC_init                       text12       000224
__end_of_ADC_start                      text9        000296
__end_of_ADC_stop                       text13       0002A4
__end_of_FSM_begin                      text1        0000FC
__end_of_OneSecond_ExecutiveCallback    text16       0001B0
__end_of_OneSecond_Timer_Middleware     text15       000240
__end_of_SMS_init                       text11       00029C
__end_of_SMS_read_and_set_state         text6        00015C
__end_of_SystemCallbacks_Init           text4        00027E
__end_of_Timer0_init                    text3        000270
__end_of_TimerMiddleware_Init           text5        000288
__end_of__initialization                cinit        0001D0
__end_of_get_current_state              text2        0002A0
__end_of_main                           text0        000262
__end_of_set_state                      text7        000290
__end_of_timer_overflow_isr             intcode      000076
__initialization                        cinit        0001B0
__mediumconst                           mediumconst  000000
__pbssBIGRAM                            bssBIGRAM    000170
__pbssCOMRAM                            bssCOMRAM    00000E
__pcinit                                cinit        0001B0
__pcstackCOMRAM                         cstackCOMRAM 000001
__pintcode                              intcode      000008
__pnvCOMRAM                             nvCOMRAM     000018
__ptext0                                text0        000254
__ptext1                                text1        00007A
__ptext10                               text10       000240
__ptext11                               text11       000296
__ptext12                               text12       000208
__ptext13                               text13       0002A0
__ptext15                               text15       000224
__ptext16                               text16       00015C
__ptext17                               text17       000000
__ptext2                                text2        00029C
__ptext3                                text3        000262
__ptext4                                text4        000270
__ptext5                                text5        00027E
__ptext6                                text6        0000FC
__ptext7                                text7        000288
__ptext8                                text8        0001DE
__ptext9                                text9        000290
__ramtop                                ramtop       000300
__smallconst                            smallconst   000000
_get_current_state                      text2        00029C
_main                                   text0        000254
_number_of_callbacks                    bssCOMRAM    000010
_registered_callbacks                   bssBIGRAM    000170
_set_state                              text7        000288
_system_count                           bssCOMRAM    00000E
_timer_overflow_isr                     intcode      000008
_tmr0Counter                            bssCOMRAM    000014
btemp                                   temp         000019
end_of_initialization                   cinit        0001D0
int$flags                               temp         000019
intlevel0                               text         000000
intlevel1                               text         000000
intlevel2                               text         000000
intlevel3                               text         000000
isa$std                                 (abs)        000001
isa$xinst                               (abs)        000000
set_state@state_to_set                  cstackCOMRAM 000008
stackhi                                 (abs)        000000
stacklo                                 (abs)        000000
start                                   init         000076
start_initialization                    cinit        0001B0
ttemp5                                  temp         00001A
ttemp6                                  temp         00001D
ttemp7                                  temp         000021
wtemp8                                  temp         00001A


MODULE INFORMATION

Module		Function		Class		Link	Load	Size
SystemCallbacks.c
		_SystemCallbacks_Init		CODE           	0270	0000	14
		_OneSecond_ExecutiveCallback		CODE           	015C	0000	84

SystemCallbacks.c estimated size: 98

System_FSM.c
		_FSM_begin     		CODE           	007A	0000	130

System_FSM.c estimated size: 130

SystemTimerMiddleware.c
		_TimerMiddleware_Init		CODE           	027E	0000	10
		_OneSecond_Timer_Middleware		CODE           	0224	0000	28

SystemTimerMiddleware.c estimated size: 38

shared
		__initialization		CODE           	01B0	0000	32

shared estimated size: 32

FSM_states.c
		_set_state     		CODE           	0288	0000	8
		_get_current_state		CODE           	029C	0000	4

FSM_states.c estimated size: 12

PIC18F4331_Timer.c
		_Timer0_init   		CODE           	0262	0000	14
		_timer_overflow_isr		CODE           	0008	0000	110

PIC18F4331_Timer.c estimated size: 124

PIC18F4331_ADC.c
		_ADC_in_progress		CODE           	0240	0000	20
		_ADC_stop      		CODE           	02A0	0000	4
		_ADC_init      		CODE           	0208	0000	28
		_ADC_start     		CODE           	0290	0000	6
		_ADC_Read      		CODE           	01DE	0000	42

PIC18F4331_ADC.c estimated size: 100

SoilMoistureSensor.c
		_SMS_read_and_set_state		CODE           	00FC	0000	96
		_SMS_init      		CODE           	0296	0000	6

SoilMoistureSensor.c estimated size: 102

main.c
		_main          		CODE           	0254	0000	14

main.c estimated size: 14

